******************************************************************************
                  TI ARM Linker PC v16.9.4                     
******************************************************************************
>> Linked Thu Jul 26 01:16:56 2018

OUTPUT FILE NAME:   <ModelRocketAvionics.out>
ENTRY POINT SYMBOL: "_c_int00"  address: 000007cd


MEMORY CONFIGURATION

         name            origin    length      used     unused   attr    fill
----------------------  --------  ---------  --------  --------  ----  --------
  FLASH                 00000000   00040000  00000a44  0003f5bc  R  X
  SRAM                  20000000   00008000  0000064c  000079b4  RW X


SEGMENT ALLOCATION MAP

run origin  load origin   length   init length attrs members
----------  ----------- ---------- ----------- ----- -------
00000000    00000000    00000a48   00000a48    r-x
  00000000    00000000    0000026c   0000026c    r-- .intvecs
  0000026c    0000026c    00000788   00000788    r-x .text
  000009f8    000009f8    00000050   00000050    r-- .cinit
20000000    20000000    0000064c   00000000    rw-
  20000000    20000000    0000026c   00000000    rw- .vtable
  2000026c    2000026c    00000200   00000000    rw- .stack
  2000046c    2000046c    000001c0   00000000    rw- .bss
  2000062c    2000062c    00000020   00000000    rw- .data


SECTION ALLOCATION MAP

 output                                  attributes/
section   page    origin      length       input sections
--------  ----  ----------  ----------   ----------------
.intvecs   0    00000000    0000026c     
                  00000000    0000026c     tm4c1230h6pm_startup_ccs.obj (.intvecs)

.text      0    0000026c    00000788     
                  0000026c    00000370     sch.obj (.text)
                  000005dc    0000009c     rtsv7M4_T_le_v4SPD16_eabi.lib : memcpy_t2.obj (.text)
                  00000678    0000007a                                   : memset_t2.obj (.text)
                  000006f2    00000002                                   : mpu_init.obj (.text)
                  000006f4    00000070                                   : autoinit.obj (.text)
                  00000764    00000068                                   : copy_decompress_lzss.obj (.text:decompress:lzss)
                  000007cc    00000054                                   : boot.obj (.text)
                  00000820    00000054                                   : exit.obj (.text)
                  00000874    0000004c                                   : cpy_tbl.obj (.text)
                  000008c0    00000034     driverlib.lib : interrupt.obj (.text:IntRegister)
                  000008f4    0000001c                   : systick.obj (.text:SysTickIntRegister)
                  00000910    0000001c     main.obj (.text)
                  0000092c    00000018     rtsv7M4_T_le_v4SPD16_eabi.lib : args_main.obj (.text)
                  00000944    00000014     driverlib.lib : systick.obj (.text:SysTickDisable)
                  00000958    00000014                   : systick.obj (.text:SysTickEnable)
                  0000096c    00000014     rtsv7M4_T_le_v4SPD16_eabi.lib : _lock.obj (.text)
                  00000980    00000010     driverlib.lib : interrupt.obj (.text:IntMasterDisable)
                  00000990    00000010                   : interrupt.obj (.text:IntMasterEnable)
                  000009a0    00000010                   : systick.obj (.text:SysTickPeriodSet)
                  000009b0    0000000e     rtsv7M4_T_le_v4SPD16_eabi.lib : copy_decompress_none.obj (.text:decompress:none)
                  000009be    0000000c     driverlib.lib : cpu.obj (.text:CPUcpsid)
                  000009ca    0000000c                   : cpu.obj (.text:CPUcpsie)
                  000009d6    0000000c     rtsv7M4_T_le_v4SPD16_eabi.lib : copy_zero_init.obj (.text:decompress:ZI)
                  000009e2    0000000c     tm4c1230h6pm_startup_ccs.obj (.text)
                  000009ee    00000004     rtsv7M4_T_le_v4SPD16_eabi.lib : pre_init.obj (.text)
                  000009f2    00000002                                   : startup.obj (.text)

.cinit     0    000009f8    00000050     
                  000009f8    00000015     (.cinit..data.load) [load image, compression = lzss]
                  00000a0d    00000003     --HOLE-- [fill = 0]
                  00000a10    0000000c     (__TI_handler_table)
                  00000a1c    00000004     --HOLE-- [fill = 0]
                  00000a20    00000008     (.cinit..bss.load) [load image, compression = zero_init]
                  00000a28    00000008     (.cinit..vtable.load) [load image, compression = zero_init]
                  00000a30    00000018     (__TI_cinit_table)

.init_array 
*          0    00000000    00000000     UNINITIALIZED

.vtable    0    20000000    0000026c     UNINITIALIZED
                  20000000    0000026c     driverlib.lib : interrupt.obj (.vtable)

.stack     0    2000026c    00000200     UNINITIALIZED
                  2000026c    00000200     --HOLE--

.bss       0    2000046c    000001c0     UNINITIALIZED
                  2000046c    00000100     (.common:TaskList)
                  2000056c    000000c0     (.common:TaskTimerList)

.data      0    2000062c    00000020     UNINITIALIZED
                  2000062c    0000000c     rtsv7M4_T_le_v4SPD16_eabi.lib : exit.obj (.data:$O1$$)
                  20000638    00000008                                   : _lock.obj (.data:$O1$$)
                  20000640    00000008     sch.obj (.data)
                  20000648    00000004     rtsv7M4_T_le_v4SPD16_eabi.lib : stkdepth_vars.obj (.data)

MODULE SUMMARY

       Module                         code   ro data   rw data
       ------                         ----   -------   -------
    .\
       sch.obj                        880    0         456    
       tm4c1230h6pm_startup_ccs.obj   12     620       0      
       main.obj                       28     0         0      
    +--+------------------------------+------+---------+---------+
       Total:                         920    620       456    
                                                              
    D:/ti/TivaWare_C_Series-2.1.4.178/driverlib/ccs/Debug/driverlib.lib
       interrupt.obj                  84     0         620    
       systick.obj                    84     0         0      
       cpu.obj                        24     0         0      
    +--+------------------------------+------+---------+---------+
       Total:                         192    0         620    
                                                              
    D:\ti\ccsv7\tools\compiler\ti-cgt-arm_16.9.4.LTS\lib\rtsv7M4_T_le_v4SPD16_eabi.lib
       memcpy_t2.obj                  156    0         0      
       memset_t2.obj                  122    0         0      
       autoinit.obj                   112    0         0      
       copy_decompress_lzss.obj       104    0         0      
       exit.obj                       84     0         12     
       boot.obj                       84     0         0      
       cpy_tbl.obj                    76     0         0      
       _lock.obj                      20     0         8      
       args_main.obj                  24     0         0      
       copy_decompress_none.obj       14     0         0      
       copy_zero_init.obj             12     0         0      
       pre_init.obj                   4      0         0      
       stkdepth_vars.obj              0      0         4      
       mpu_init.obj                   2      0         0      
       startup.obj                    2      0         0      
    +--+------------------------------+------+---------+---------+
       Total:                         816    0         24     
                                                              
       Stack:                         0      0         512    
       Linker Generated:              0      73        0      
    +--+------------------------------+------+---------+---------+
       Grand Total:                   1928   693       1612   


LINKER GENERATED COPY TABLES

__TI_cinit_table @ 00000a30 records: 3, size/record: 8, table size: 24
	.data: load addr=000009f8, load size=00000015 bytes, run addr=2000062c, run size=00000020 bytes, compression=lzss
	.bss: load addr=00000a20, load size=00000008 bytes, run addr=2000046c, run size=000001c0 bytes, compression=zero_init
	.vtable: load addr=00000a28, load size=00000008 bytes, run addr=20000000, run size=0000026c bytes, compression=zero_init


LINKER GENERATED HANDLER TABLE

__TI_handler_table @ 00000a10 records: 3, size/record: 4, table size: 12
	index: 0, handler: __TI_zero_init
	index: 1, handler: __TI_decompress_lzss
	index: 2, handler: __TI_decompress_none


GLOBAL SYMBOLS: SORTED ALPHABETICALLY BY Name 

address   name                           
-------   ----                           
0000026d  AddTask                        
000002d5  AddTaskCond                    
0000033d  AddTaskTime                    
00000821  C$$EXIT                        
000009bf  CPUcpsid                       
000009cb  CPUcpsie                       
000003df  InitScheduler                  
000004e3  InitSysTick                    
00000981  IntMasterDisable               
00000991  IntMasterEnable                
000008c1  IntRegister                    
00000919  Loop                           
000009e3  ResetISR                       
UNDEFED   SHT$$INIT_ARRAY$$Base          
UNDEFED   SHT$$INIT_ARRAY$$Limit         
00000911  Setup                          
00000945  SysTickDisable                 
00000959  SysTickEnable                  
000008f5  SysTickIntRegister             
00000535  SysTickInterruptHandler        
000009a1  SysTickPeriodSet               
2000046c  TaskList                       
2000056c  TaskTimerList                  
000003e9  UpdateScheduler                
2000046c  __STACK_END                    
00000200  __STACK_SIZE                   
2000046c  __STACK_TOP                    
00000a30  __TI_CINIT_Base                
00000a48  __TI_CINIT_Limit               
00000a10  __TI_Handler_Table_Base        
00000a1c  __TI_Handler_Table_Limit       
000006f5  __TI_auto_init                 
2000062c  __TI_cleanup_ptr               
00000765  __TI_decompress_lzss           
000009b1  __TI_decompress_none           
20000630  __TI_dtors_ptr                 
20000634  __TI_enable_exit_profile_output
ffffffff  __TI_pprof_out_hndl            
ffffffff  __TI_prof_data_size            
ffffffff  __TI_prof_data_start           
00000000  __TI_static_base__             
000009d7  __TI_zero_init                 
00000679  __aeabi_memclr                 
00000679  __aeabi_memclr4                
00000679  __aeabi_memclr8                
000005dd  __aeabi_memcpy                 
000005dd  __aeabi_memcpy4                
000005dd  __aeabi_memcpy8                
0000067b  __aeabi_memset                 
0000067b  __aeabi_memset4                
0000067b  __aeabi_memset8                
ffffffff  __binit__                      
ffffffff  __c_args__                     
000006f3  __mpu_init                     
2000026c  __stack                        
0000092d  _args_main                     
000007cd  _c_int00                       
20000638  _lock                          
0000097b  _nop                           
00000973  _register_lock                 
0000096d  _register_unlock               
000009f3  _system_post_cinit             
000009ef  _system_pre_init               
2000063c  _unlock                        
00000825  abort                          
ffffffff  binit                          
00000875  copy_in                        
20000644  currentTime                    
0000082d  exit                           
20000000  g_pfnRAMVectors                
00000000  g_pfnVectors                   
00000921  main                           
20000648  main_func_sp                   
000005dd  memcpy                         
00000681  memset                         
20000641  numOfTaskTimers                
20000640  numOfTasks                     


GLOBAL SYMBOLS: SORTED BY Symbol Address 

address   name                           
-------   ----                           
00000000  __TI_static_base__             
00000000  g_pfnVectors                   
00000200  __STACK_SIZE                   
0000026d  AddTask                        
000002d5  AddTaskCond                    
0000033d  AddTaskTime                    
000003df  InitScheduler                  
000003e9  UpdateScheduler                
000004e3  InitSysTick                    
00000535  SysTickInterruptHandler        
000005dd  __aeabi_memcpy                 
000005dd  __aeabi_memcpy4                
000005dd  __aeabi_memcpy8                
000005dd  memcpy                         
00000679  __aeabi_memclr                 
00000679  __aeabi_memclr4                
00000679  __aeabi_memclr8                
0000067b  __aeabi_memset                 
0000067b  __aeabi_memset4                
0000067b  __aeabi_memset8                
00000681  memset                         
000006f3  __mpu_init                     
000006f5  __TI_auto_init                 
00000765  __TI_decompress_lzss           
000007cd  _c_int00                       
00000821  C$$EXIT                        
00000825  abort                          
0000082d  exit                           
00000875  copy_in                        
000008c1  IntRegister                    
000008f5  SysTickIntRegister             
00000911  Setup                          
00000919  Loop                           
00000921  main                           
0000092d  _args_main                     
00000945  SysTickDisable                 
00000959  SysTickEnable                  
0000096d  _register_unlock               
00000973  _register_lock                 
0000097b  _nop                           
00000981  IntMasterDisable               
00000991  IntMasterEnable                
000009a1  SysTickPeriodSet               
000009b1  __TI_decompress_none           
000009bf  CPUcpsid                       
000009cb  CPUcpsie                       
000009d7  __TI_zero_init                 
000009e3  ResetISR                       
000009ef  _system_pre_init               
000009f3  _system_post_cinit             
00000a10  __TI_Handler_Table_Base        
00000a1c  __TI_Handler_Table_Limit       
00000a30  __TI_CINIT_Base                
00000a48  __TI_CINIT_Limit               
20000000  g_pfnRAMVectors                
2000026c  __stack                        
2000046c  TaskList                       
2000046c  __STACK_END                    
2000046c  __STACK_TOP                    
2000056c  TaskTimerList                  
2000062c  __TI_cleanup_ptr               
20000630  __TI_dtors_ptr                 
20000634  __TI_enable_exit_profile_output
20000638  _lock                          
2000063c  _unlock                        
20000640  numOfTasks                     
20000641  numOfTaskTimers                
20000644  currentTime                    
20000648  main_func_sp                   
ffffffff  __TI_pprof_out_hndl            
ffffffff  __TI_prof_data_size            
ffffffff  __TI_prof_data_start           
ffffffff  __binit__                      
ffffffff  __c_args__                     
ffffffff  binit                          
UNDEFED   SHT$$INIT_ARRAY$$Base          
UNDEFED   SHT$$INIT_ARRAY$$Limit         

[77 symbols]
