<?xml version="1.0"?>
<link_info>
   <banner>TI ARM Linker PC v16.9.4.LTS</banner>
   <copyright>Copyright (c) 1996-2017 Texas Instruments Incorporated</copyright>
   <link_time>0x5b5a7851</link_time>
   <link_errors>0x0</link_errors>
   <output_file>ModelRocketAvionics.out</output_file>
   <entry_point>
      <name>_c_int00</name>
      <address>0x26a9</address>
   </entry_point>
   <input_file_list>
      <input_file id="fl-2">
         <path>.\</path>
         <kind>object</kind>
         <file>main.obj</file>
         <name>main.obj</name>
      </input_file>
      <input_file id="fl-3">
         <path>.\</path>
         <kind>object</kind>
         <file>rf_cc2500.obj</file>
         <name>rf_cc2500.obj</name>
      </input_file>
      <input_file id="fl-4">
         <path>.\</path>
         <kind>object</kind>
         <file>sch.obj</file>
         <name>sch.obj</name>
      </input_file>
      <input_file id="fl-5">
         <path>.\</path>
         <kind>object</kind>
         <file>ser.obj</file>
         <name>ser.obj</name>
      </input_file>
      <input_file id="fl-6">
         <path>.\</path>
         <kind>object</kind>
         <file>tm4c1230h6pm_startup_ccs.obj</file>
         <name>tm4c1230h6pm_startup_ccs.obj</name>
      </input_file>
      <input_file id="fl-b">
         <kind>object</kind>
         <file>&lt;internal&gt;</file>
         <name>&lt;internal&gt;</name>
      </input_file>
      <input_file id="fl-c">
         <path>D:\ti\TivaWare_C_Series-2.1.4.178\driverlib\ccs\Debug\</path>
         <kind>archive</kind>
         <file>driverlib.lib</file>
         <name>gpio.obj</name>
      </input_file>
      <input_file id="fl-d">
         <path>D:\ti\TivaWare_C_Series-2.1.4.178\driverlib\ccs\Debug\</path>
         <kind>archive</kind>
         <file>driverlib.lib</file>
         <name>interrupt.obj</name>
      </input_file>
      <input_file id="fl-e">
         <path>D:\ti\TivaWare_C_Series-2.1.4.178\driverlib\ccs\Debug\</path>
         <kind>archive</kind>
         <file>driverlib.lib</file>
         <name>ssi.obj</name>
      </input_file>
      <input_file id="fl-f">
         <path>D:\ti\TivaWare_C_Series-2.1.4.178\driverlib\ccs\Debug\</path>
         <kind>archive</kind>
         <file>driverlib.lib</file>
         <name>sysctl.obj</name>
      </input_file>
      <input_file id="fl-10">
         <path>D:\ti\TivaWare_C_Series-2.1.4.178\driverlib\ccs\Debug\</path>
         <kind>archive</kind>
         <file>driverlib.lib</file>
         <name>systick.obj</name>
      </input_file>
      <input_file id="fl-11">
         <path>D:\ti\TivaWare_C_Series-2.1.4.178\driverlib\ccs\Debug\</path>
         <kind>archive</kind>
         <file>driverlib.lib</file>
         <name>uart.obj</name>
      </input_file>
      <input_file id="fl-12">
         <path>D:\ti\TivaWare_C_Series-2.1.4.178\driverlib\ccs\Debug\</path>
         <kind>archive</kind>
         <file>driverlib.lib</file>
         <name>cpu.obj</name>
      </input_file>
      <input_file id="fl-c8">
         <path>D:\ti\ccsv7\tools\compiler\ti-cgt-arm_16.9.4.LTS\lib\</path>
         <kind>archive</kind>
         <file>rtsv7M4_T_le_v4SPD16_eabi.lib</file>
         <name>boot.obj</name>
      </input_file>
      <input_file id="fl-c9">
         <path>D:\ti\ccsv7\tools\compiler\ti-cgt-arm_16.9.4.LTS\lib\</path>
         <kind>archive</kind>
         <file>rtsv7M4_T_le_v4SPD16_eabi.lib</file>
         <name>copy_decompress_lzss.obj</name>
      </input_file>
      <input_file id="fl-ca">
         <path>D:\ti\ccsv7\tools\compiler\ti-cgt-arm_16.9.4.LTS\lib\</path>
         <kind>archive</kind>
         <file>rtsv7M4_T_le_v4SPD16_eabi.lib</file>
         <name>copy_decompress_none.obj</name>
      </input_file>
      <input_file id="fl-cb">
         <path>D:\ti\ccsv7\tools\compiler\ti-cgt-arm_16.9.4.LTS\lib\</path>
         <kind>archive</kind>
         <file>rtsv7M4_T_le_v4SPD16_eabi.lib</file>
         <name>copy_zero_init.obj</name>
      </input_file>
      <input_file id="fl-cc">
         <path>D:\ti\ccsv7\tools\compiler\ti-cgt-arm_16.9.4.LTS\lib\</path>
         <kind>archive</kind>
         <file>rtsv7M4_T_le_v4SPD16_eabi.lib</file>
         <name>exit.obj</name>
      </input_file>
      <input_file id="fl-cd">
         <path>D:\ti\ccsv7\tools\compiler\ti-cgt-arm_16.9.4.LTS\lib\</path>
         <kind>archive</kind>
         <file>rtsv7M4_T_le_v4SPD16_eabi.lib</file>
         <name>memcpy_t2.obj</name>
      </input_file>
      <input_file id="fl-ce">
         <path>D:\ti\ccsv7\tools\compiler\ti-cgt-arm_16.9.4.LTS\lib\</path>
         <kind>archive</kind>
         <file>rtsv7M4_T_le_v4SPD16_eabi.lib</file>
         <name>memset_t2.obj</name>
      </input_file>
      <input_file id="fl-cf">
         <path>D:\ti\ccsv7\tools\compiler\ti-cgt-arm_16.9.4.LTS\lib\</path>
         <kind>archive</kind>
         <file>rtsv7M4_T_le_v4SPD16_eabi.lib</file>
         <name>mpu_init.obj</name>
      </input_file>
      <input_file id="fl-d0">
         <path>D:\ti\ccsv7\tools\compiler\ti-cgt-arm_16.9.4.LTS\lib\</path>
         <kind>archive</kind>
         <file>rtsv7M4_T_le_v4SPD16_eabi.lib</file>
         <name>pre_init.obj</name>
      </input_file>
      <input_file id="fl-d1">
         <path>D:\ti\ccsv7\tools\compiler\ti-cgt-arm_16.9.4.LTS\lib\</path>
         <kind>archive</kind>
         <file>rtsv7M4_T_le_v4SPD16_eabi.lib</file>
         <name>sprintf.obj</name>
      </input_file>
      <input_file id="fl-d2">
         <path>D:\ti\ccsv7\tools\compiler\ti-cgt-arm_16.9.4.LTS\lib\</path>
         <kind>archive</kind>
         <file>rtsv7M4_T_le_v4SPD16_eabi.lib</file>
         <name>stkdepth_vars.obj</name>
      </input_file>
      <input_file id="fl-d3">
         <path>D:\ti\ccsv7\tools\compiler\ti-cgt-arm_16.9.4.LTS\lib\</path>
         <kind>archive</kind>
         <file>rtsv7M4_T_le_v4SPD16_eabi.lib</file>
         <name>_lock.obj</name>
      </input_file>
      <input_file id="fl-d4">
         <path>D:\ti\ccsv7\tools\compiler\ti-cgt-arm_16.9.4.LTS\lib\</path>
         <kind>archive</kind>
         <file>rtsv7M4_T_le_v4SPD16_eabi.lib</file>
         <name>_printfi.obj</name>
      </input_file>
      <input_file id="fl-d5">
         <path>D:\ti\ccsv7\tools\compiler\ti-cgt-arm_16.9.4.LTS\lib\</path>
         <kind>archive</kind>
         <file>rtsv7M4_T_le_v4SPD16_eabi.lib</file>
         <name>args_main.obj</name>
      </input_file>
      <input_file id="fl-d6">
         <path>D:\ti\ccsv7\tools\compiler\ti-cgt-arm_16.9.4.LTS\lib\</path>
         <kind>archive</kind>
         <file>rtsv7M4_T_le_v4SPD16_eabi.lib</file>
         <name>atoi.obj</name>
      </input_file>
      <input_file id="fl-d7">
         <path>D:\ti\ccsv7\tools\compiler\ti-cgt-arm_16.9.4.LTS\lib\</path>
         <kind>archive</kind>
         <file>rtsv7M4_T_le_v4SPD16_eabi.lib</file>
         <name>autoinit.obj</name>
      </input_file>
      <input_file id="fl-d8">
         <path>D:\ti\ccsv7\tools\compiler\ti-cgt-arm_16.9.4.LTS\lib\</path>
         <kind>archive</kind>
         <file>rtsv7M4_T_le_v4SPD16_eabi.lib</file>
         <name>cpy_tbl.obj</name>
      </input_file>
      <input_file id="fl-d9">
         <path>D:\ti\ccsv7\tools\compiler\ti-cgt-arm_16.9.4.LTS\lib\</path>
         <kind>archive</kind>
         <file>rtsv7M4_T_le_v4SPD16_eabi.lib</file>
         <name>ctype.obj</name>
      </input_file>
      <input_file id="fl-da">
         <path>D:\ti\ccsv7\tools\compiler\ti-cgt-arm_16.9.4.LTS\lib\</path>
         <kind>archive</kind>
         <file>rtsv7M4_T_le_v4SPD16_eabi.lib</file>
         <name>fd_add_t2.obj</name>
      </input_file>
      <input_file id="fl-db">
         <path>D:\ti\ccsv7\tools\compiler\ti-cgt-arm_16.9.4.LTS\lib\</path>
         <kind>archive</kind>
         <file>rtsv7M4_T_le_v4SPD16_eabi.lib</file>
         <name>fd_cmp_t2.obj</name>
      </input_file>
      <input_file id="fl-dc">
         <path>D:\ti\ccsv7\tools\compiler\ti-cgt-arm_16.9.4.LTS\lib\</path>
         <kind>archive</kind>
         <file>rtsv7M4_T_le_v4SPD16_eabi.lib</file>
         <name>fd_div_t2.obj</name>
      </input_file>
      <input_file id="fl-dd">
         <path>D:\ti\ccsv7\tools\compiler\ti-cgt-arm_16.9.4.LTS\lib\</path>
         <kind>archive</kind>
         <file>rtsv7M4_T_le_v4SPD16_eabi.lib</file>
         <name>fd_mul_t2.obj</name>
      </input_file>
      <input_file id="fl-de">
         <path>D:\ti\ccsv7\tools\compiler\ti-cgt-arm_16.9.4.LTS\lib\</path>
         <kind>archive</kind>
         <file>rtsv7M4_T_le_v4SPD16_eabi.lib</file>
         <name>fd_toi_t2.obj</name>
      </input_file>
      <input_file id="fl-df">
         <path>D:\ti\ccsv7\tools\compiler\ti-cgt-arm_16.9.4.LTS\lib\</path>
         <kind>archive</kind>
         <file>rtsv7M4_T_le_v4SPD16_eabi.lib</file>
         <name>i_tofd_t2.obj</name>
      </input_file>
      <input_file id="fl-e0">
         <path>D:\ti\ccsv7\tools\compiler\ti-cgt-arm_16.9.4.LTS\lib\</path>
         <kind>archive</kind>
         <file>rtsv7M4_T_le_v4SPD16_eabi.lib</file>
         <name>ltoa.obj</name>
      </input_file>
      <input_file id="fl-e1">
         <path>D:\ti\ccsv7\tools\compiler\ti-cgt-arm_16.9.4.LTS\lib\</path>
         <kind>archive</kind>
         <file>rtsv7M4_T_le_v4SPD16_eabi.lib</file>
         <name>memccpy.obj</name>
      </input_file>
      <input_file id="fl-e2">
         <path>D:\ti\ccsv7\tools\compiler\ti-cgt-arm_16.9.4.LTS\lib\</path>
         <kind>archive</kind>
         <file>rtsv7M4_T_le_v4SPD16_eabi.lib</file>
         <name>s_frexp.obj</name>
      </input_file>
      <input_file id="fl-e3">
         <path>D:\ti\ccsv7\tools\compiler\ti-cgt-arm_16.9.4.LTS\lib\</path>
         <kind>archive</kind>
         <file>rtsv7M4_T_le_v4SPD16_eabi.lib</file>
         <name>s_scalbn.obj</name>
      </input_file>
      <input_file id="fl-e4">
         <path>D:\ti\ccsv7\tools\compiler\ti-cgt-arm_16.9.4.LTS\lib\</path>
         <kind>archive</kind>
         <file>rtsv7M4_T_le_v4SPD16_eabi.lib</file>
         <name>startup.obj</name>
      </input_file>
      <input_file id="fl-e5">
         <path>D:\ti\ccsv7\tools\compiler\ti-cgt-arm_16.9.4.LTS\lib\</path>
         <kind>archive</kind>
         <file>rtsv7M4_T_le_v4SPD16_eabi.lib</file>
         <name>strchr.obj</name>
      </input_file>
      <input_file id="fl-e6">
         <path>D:\ti\ccsv7\tools\compiler\ti-cgt-arm_16.9.4.LTS\lib\</path>
         <kind>archive</kind>
         <file>rtsv7M4_T_le_v4SPD16_eabi.lib</file>
         <name>strlen.obj</name>
      </input_file>
      <input_file id="fl-e7">
         <path>D:\ti\ccsv7\tools\compiler\ti-cgt-arm_16.9.4.LTS\lib\</path>
         <kind>archive</kind>
         <file>rtsv7M4_T_le_v4SPD16_eabi.lib</file>
         <name>ull_div_t2.obj</name>
      </input_file>
      <input_file id="fl-e8">
         <path>D:\ti\ccsv7\tools\compiler\ti-cgt-arm_16.9.4.LTS\lib\</path>
         <kind>archive</kind>
         <file>rtsv7M4_T_le_v4SPD16_eabi.lib</file>
         <name>errno.obj</name>
      </input_file>
      <input_file id="fl-e9">
         <path>D:\ti\ccsv7\tools\compiler\ti-cgt-arm_16.9.4.LTS\lib\</path>
         <kind>archive</kind>
         <file>rtsv7M4_T_le_v4SPD16_eabi.lib</file>
         <name>s_copysign.obj</name>
      </input_file>
   </input_file_list>
   <object_component_list>
      <object_component id="oc-f">
         <name>.intvecs</name>
         <load_address>0x0</load_address>
         <run_address>0x0</run_address>
         <size>0x26c</size>
         <input_file_ref idref="fl-6"/>
      </object_component>
      <object_component id="oc-178">
         <name>.text</name>
         <load_address>0x26c</load_address>
         <run_address>0x26c</run_address>
         <size>0x113e</size>
         <input_file_ref idref="fl-d4"/>
      </object_component>
      <object_component id="oc-63">
         <name>.text</name>
         <load_address>0x13aa</load_address>
         <run_address>0x13aa</run_address>
         <size>0x2</size>
         <input_file_ref idref="fl-cf"/>
      </object_component>
      <object_component id="oc-31">
         <name>.text</name>
         <load_address>0x13ac</load_address>
         <run_address>0x13ac</run_address>
         <size>0x3b0</size>
         <input_file_ref idref="fl-4"/>
      </object_component>
      <object_component id="oc-1eb">
         <name>.text</name>
         <load_address>0x175c</load_address>
         <run_address>0x175c</run_address>
         <size>0x1f4</size>
         <input_file_ref idref="fl-e7"/>
      </object_component>
      <object_component id="oc-21a">
         <name>.text</name>
         <load_address>0x1950</load_address>
         <run_address>0x1950</run_address>
         <size>0x1b6</size>
         <input_file_ref idref="fl-da"/>
      </object_component>
      <object_component id="oc-139">
         <name>.text</name>
         <load_address>0x1b06</load_address>
         <run_address>0x1b06</run_address>
         <size>0x2</size>
         <input_file_ref idref="fl-e4"/>
      </object_component>
      <object_component id="oc-37">
         <name>.text</name>
         <load_address>0x1b08</load_address>
         <run_address>0x1b08</run_address>
         <size>0x190</size>
         <input_file_ref idref="fl-5"/>
      </object_component>
      <object_component id="oc-200">
         <name>.text</name>
         <load_address>0x1c98</load_address>
         <run_address>0x1c98</run_address>
         <size>0x136</size>
         <input_file_ref idref="fl-dc"/>
      </object_component>
      <object_component id="oc-193">
         <name>.text:GPIOPadConfigSet</name>
         <load_address>0x1dce</load_address>
         <run_address>0x1dce</run_address>
         <size>0x132</size>
         <input_file_ref idref="fl-c"/>
      </object_component>
      <object_component id="oc-db">
         <name>.text:SysCtlClockGet</name>
         <load_address>0x1f00</load_address>
         <run_address>0x1f00</run_address>
         <size>0x110</size>
         <input_file_ref idref="fl-f"/>
      </object_component>
      <object_component id="oc-1fb">
         <name>.text</name>
         <load_address>0x2010</load_address>
         <run_address>0x2010</run_address>
         <size>0xfc</size>
         <input_file_ref idref="fl-dd"/>
      </object_component>
      <object_component id="oc-225">
         <name>.text</name>
         <load_address>0x210c</load_address>
         <run_address>0x210c</run_address>
         <size>0xfc</size>
         <input_file_ref idref="fl-e3"/>
      </object_component>
      <object_component id="oc-4b">
         <name>.text</name>
         <load_address>0x2208</load_address>
         <run_address>0x2208</run_address>
         <size>0x9c</size>
         <input_file_ref idref="fl-cd"/>
      </object_component>
      <object_component id="oc-1f6">
         <name>.text:__aeabi_cdcmple</name>
         <load_address>0x22a4</load_address>
         <run_address>0x22a4</run_address>
         <size>0x86</size>
         <input_file_ref idref="fl-db"/>
      </object_component>
      <object_component id="oc-205">
         <name>.text:__aeabi_cdrcmple</name>
         <load_address>0x232a</load_address>
         <run_address>0x232a</run_address>
         <size>0x86</size>
         <input_file_ref idref="fl-db"/>
      </object_component>
      <object_component id="oc-57">
         <name>.text</name>
         <load_address>0x23b0</load_address>
         <run_address>0x23b0</run_address>
         <size>0x7a</size>
         <input_file_ref idref="fl-ce"/>
      </object_component>
      <object_component id="oc-141">
         <name>.text</name>
         <load_address>0x242c</load_address>
         <run_address>0x242c</run_address>
         <size>0x78</size>
         <input_file_ref idref="fl-2"/>
      </object_component>
      <object_component id="oc-6f">
         <name>.text</name>
         <load_address>0x24a4</load_address>
         <run_address>0x24a4</run_address>
         <size>0x70</size>
         <input_file_ref idref="fl-d7"/>
      </object_component>
      <object_component id="oc-e7">
         <name>.text:IntEnable</name>
         <load_address>0x2514</load_address>
         <run_address>0x2514</run_address>
         <size>0x68</size>
         <input_file_ref idref="fl-d"/>
      </object_component>
      <object_component id="oc-12">
         <name>.text:decompress:lzss</name>
         <load_address>0x257c</load_address>
         <run_address>0x257c</run_address>
         <size>0x68</size>
         <input_file_ref idref="fl-c9"/>
      </object_component>
      <object_component id="oc-21f">
         <name>.text</name>
         <load_address>0x25e4</load_address>
         <run_address>0x25e4</run_address>
         <size>0x64</size>
         <input_file_ref idref="fl-e2"/>
      </object_component>
      <object_component id="oc-bd">
         <name>.text</name>
         <load_address>0x2648</load_address>
         <run_address>0x2648</run_address>
         <size>0x60</size>
         <input_file_ref idref="fl-d1"/>
      </object_component>
      <object_component id="oc-24">
         <name>.text</name>
         <load_address>0x26a8</load_address>
         <run_address>0x26a8</run_address>
         <size>0x54</size>
         <input_file_ref idref="fl-c8"/>
      </object_component>
      <object_component id="oc-7b">
         <name>.text</name>
         <load_address>0x26fc</load_address>
         <run_address>0x26fc</run_address>
         <size>0x54</size>
         <input_file_ref idref="fl-cc"/>
      </object_component>
      <object_component id="oc-20f">
         <name>.text</name>
         <load_address>0x2750</load_address>
         <run_address>0x2750</run_address>
         <size>0x54</size>
         <input_file_ref idref="fl-e0"/>
      </object_component>
      <object_component id="oc-231">
         <name>.text</name>
         <load_address>0x27a4</load_address>
         <run_address>0x27a4</run_address>
         <size>0x4c</size>
         <input_file_ref idref="fl-d6"/>
      </object_component>
      <object_component id="oc-133">
         <name>.text</name>
         <load_address>0x27f0</load_address>
         <run_address>0x27f0</run_address>
         <size>0x4c</size>
         <input_file_ref idref="fl-d8"/>
      </object_component>
      <object_component id="oc-cf">
         <name>.text:GPIOPinConfigure</name>
         <load_address>0x283c</load_address>
         <run_address>0x283c</run_address>
         <size>0x48</size>
         <input_file_ref idref="fl-c"/>
      </object_component>
      <object_component id="oc-20a">
         <name>.text</name>
         <load_address>0x2884</load_address>
         <run_address>0x2884</run_address>
         <size>0x48</size>
         <input_file_ref idref="fl-de"/>
      </object_component>
      <object_component id="oc-e1">
         <name>.text:UARTConfigSetExpClk</name>
         <load_address>0x28cc</load_address>
         <run_address>0x28cc</run_address>
         <size>0x46</size>
         <input_file_ref idref="fl-11"/>
      </object_component>
      <object_component id="oc-c9">
         <name>.text:SysCtlPeripheralReady</name>
         <load_address>0x2914</load_address>
         <run_address>0x2914</run_address>
         <size>0x38</size>
         <input_file_ref idref="fl-f"/>
      </object_component>
      <object_component id="oc-15e">
         <name>.text:IntRegister</name>
         <load_address>0x294c</load_address>
         <run_address>0x294c</run_address>
         <size>0x34</size>
         <input_file_ref idref="fl-d"/>
      </object_component>
      <object_component id="oc-c3">
         <name>.text:SysCtlPeripheralEnable</name>
         <load_address>0x2980</load_address>
         <run_address>0x2980</run_address>
         <size>0x34</size>
         <input_file_ref idref="fl-f"/>
      </object_component>
      <object_component id="oc-215">
         <name>.text</name>
         <load_address>0x29b4</load_address>
         <run_address>0x29b4</run_address>
         <size>0x2e</size>
         <input_file_ref idref="fl-df"/>
      </object_component>
      <object_component id="oc-18d">
         <name>.text:GPIODirModeSet</name>
         <load_address>0x29e2</load_address>
         <run_address>0x29e2</run_address>
         <size>0x2a</size>
         <input_file_ref idref="fl-c"/>
      </object_component>
      <object_component id="oc-19e">
         <name>.text:UARTDisable</name>
         <load_address>0x2a0c</load_address>
         <run_address>0x2a0c</run_address>
         <size>0x20</size>
         <input_file_ref idref="fl-11"/>
      </object_component>
      <object_component id="oc-98">
         <name>.text:SysTickIntRegister</name>
         <load_address>0x2a2c</load_address>
         <run_address>0x2a2c</run_address>
         <size>0x1c</size>
         <input_file_ref idref="fl-10"/>
      </object_component>
      <object_component id="oc-237">
         <name>.text</name>
         <load_address>0x2a48</load_address>
         <run_address>0x2a48</run_address>
         <size>0x1c</size>
         <input_file_ref idref="fl-e1"/>
      </object_component>
      <object_component id="oc-75">
         <name>.text</name>
         <load_address>0x2a64</load_address>
         <run_address>0x2a64</run_address>
         <size>0x18</size>
         <input_file_ref idref="fl-d5"/>
      </object_component>
      <object_component id="oc-22b">
         <name>.text</name>
         <load_address>0x2a7c</load_address>
         <run_address>0x2a7c</run_address>
         <size>0x16</size>
         <input_file_ref idref="fl-e5"/>
      </object_component>
      <object_component id="oc-8c">
         <name>.text:SysTickDisable</name>
         <load_address>0x2a94</load_address>
         <run_address>0x2a94</run_address>
         <size>0x14</size>
         <input_file_ref idref="fl-10"/>
      </object_component>
      <object_component id="oc-9e">
         <name>.text:SysTickEnable</name>
         <load_address>0x2aa8</load_address>
         <run_address>0x2aa8</run_address>
         <size>0x14</size>
         <input_file_ref idref="fl-10"/>
      </object_component>
      <object_component id="oc-1a4">
         <name>.text:UARTEnable</name>
         <load_address>0x2abc</load_address>
         <run_address>0x2abc</run_address>
         <size>0x14</size>
         <input_file_ref idref="fl-11"/>
      </object_component>
      <object_component id="oc-1d5">
         <name>.text</name>
         <load_address>0x2ad0</load_address>
         <run_address>0x2ad0</run_address>
         <size>0x14</size>
         <input_file_ref idref="fl-d3"/>
      </object_component>
      <object_component id="oc-28b">
         <name>.text</name>
         <load_address>0x2ae4</load_address>
         <run_address>0x2ae4</run_address>
         <size>0x14</size>
         <input_file_ref idref="fl-e9"/>
      </object_component>
      <object_component id="oc-1f0">
         <name>.text</name>
         <load_address>0x2af8</load_address>
         <run_address>0x2af8</run_address>
         <size>0x14</size>
         <input_file_ref idref="fl-e6"/>
      </object_component>
      <object_component id="oc-d5">
         <name>.text:GPIOPinTypeUART</name>
         <load_address>0x2b0c</load_address>
         <run_address>0x2b0c</run_address>
         <size>0x12</size>
         <input_file_ref idref="fl-c"/>
      </object_component>
      <object_component id="oc-86">
         <name>.text:IntMasterDisable</name>
         <load_address>0x2b1e</load_address>
         <run_address>0x2b1e</run_address>
         <size>0x10</size>
         <input_file_ref idref="fl-d"/>
      </object_component>
      <object_component id="oc-a4">
         <name>.text:IntMasterEnable</name>
         <load_address>0x2b2e</load_address>
         <run_address>0x2b2e</run_address>
         <size>0x10</size>
         <input_file_ref idref="fl-d"/>
      </object_component>
      <object_component id="oc-92">
         <name>.text:SysTickPeriodSet</name>
         <load_address>0x2b40</load_address>
         <run_address>0x2b40</run_address>
         <size>0x10</size>
         <input_file_ref idref="fl-10"/>
      </object_component>
      <object_component id="oc-ff">
         <name>.text:UARTCharGetNonBlocking</name>
         <load_address>0x2b50</load_address>
         <run_address>0x2b50</run_address>
         <size>0xe</size>
         <input_file_ref idref="fl-11"/>
      </object_component>
      <object_component id="oc-105">
         <name>.text:UARTCharsAvail</name>
         <load_address>0x2b5e</load_address>
         <run_address>0x2b5e</run_address>
         <size>0xe</size>
         <input_file_ref idref="fl-11"/>
      </object_component>
      <object_component id="oc-18">
         <name>.text:decompress:none</name>
         <load_address>0x2b6c</load_address>
         <run_address>0x2b6c</run_address>
         <size>0xe</size>
         <input_file_ref idref="fl-ca"/>
      </object_component>
      <object_component id="oc-154">
         <name>.text:CPUcpsid</name>
         <load_address>0x2b7a</load_address>
         <run_address>0x2b7a</run_address>
         <size>0xc</size>
         <input_file_ref idref="fl-12"/>
      </object_component>
      <object_component id="oc-166">
         <name>.text:CPUcpsie</name>
         <load_address>0x2b86</load_address>
         <run_address>0x2b86</run_address>
         <size>0xc</size>
         <input_file_ref idref="fl-12"/>
      </object_component>
      <object_component id="oc-1e">
         <name>.text:decompress:ZI</name>
         <load_address>0x2b92</load_address>
         <run_address>0x2b92</run_address>
         <size>0xc</size>
         <input_file_ref idref="fl-cb"/>
      </object_component>
      <object_component id="oc-2b">
         <name>.text</name>
         <load_address>0x2b9e</load_address>
         <run_address>0x2b9e</run_address>
         <size>0xc</size>
         <input_file_ref idref="fl-6"/>
      </object_component>
      <object_component id="oc-b7">
         <name>.text:UARTCharPut</name>
         <load_address>0x2baa</load_address>
         <run_address>0x2baa</run_address>
         <size>0xa</size>
         <input_file_ref idref="fl-11"/>
      </object_component>
      <object_component id="oc-f3">
         <name>.text:UARTIntStatus</name>
         <load_address>0x2bb4</load_address>
         <run_address>0x2bb4</run_address>
         <size>0xa</size>
         <input_file_ref idref="fl-11"/>
      </object_component>
      <object_component id="oc-ed">
         <name>.text:UARTIntEnable</name>
         <load_address>0x2bbe</load_address>
         <run_address>0x2bbe</run_address>
         <size>0x8</size>
         <input_file_ref idref="fl-11"/>
      </object_component>
      <object_component id="oc-f9">
         <name>.text:UARTIntClear</name>
         <load_address>0x2bc6</load_address>
         <run_address>0x2bc6</run_address>
         <size>0x4</size>
         <input_file_ref idref="fl-11"/>
      </object_component>
      <object_component id="oc-69">
         <name>.text</name>
         <load_address>0x2bca</load_address>
         <run_address>0x2bca</run_address>
         <size>0x4</size>
         <input_file_ref idref="fl-d0"/>
      </object_component>
      <object_component id="oc-298">
         <name>.const:.string:_ctypes_</name>
         <load_address>0x2bd0</load_address>
         <run_address>0x2bd0</run_address>
         <size>0x101</size>
         <input_file_ref idref="fl-d9"/>
      </object_component>
      <object_component id="oc-188">
         <name>.const:g_pui32GPIOBaseAddrs</name>
         <load_address>0x2cd4</load_address>
         <run_address>0x2cd4</run_address>
         <size>0x90</size>
         <input_file_ref idref="fl-c"/>
      </object_component>
      <object_component id="oc-1ab">
         <name>.const</name>
         <load_address>0x2d64</load_address>
         <run_address>0x2d64</run_address>
         <size>0x70</size>
         <input_file_ref idref="fl-d"/>
      </object_component>
      <object_component id="oc-19a">
         <name>.const:g_pui32Xtals</name>
         <load_address>0x2dd4</load_address>
         <run_address>0x2dd4</run_address>
         <size>0x6c</size>
         <input_file_ref idref="fl-f"/>
      </object_component>
      <object_component id="oc-2de">
         <name>.cinit..data.load</name>
         <load_address>0x2e40</load_address>
         <run_address>0x2e40</run_address>
         <size>0x17</size>
      </object_component>
      <object_component id="oc-2db">
         <name>__TI_handler_table</name>
         <load_address>0x2e58</load_address>
         <run_address>0x2e58</run_address>
         <size>0xc</size>
      </object_component>
      <object_component id="oc-2df">
         <name>.cinit..bss.load</name>
         <load_address>0x2e68</load_address>
         <run_address>0x2e68</run_address>
         <size>0x8</size>
      </object_component>
      <object_component id="oc-2dd">
         <name>.cinit..vtable.load</name>
         <load_address>0x2e70</load_address>
         <run_address>0x2e70</run_address>
         <size>0x8</size>
      </object_component>
      <object_component id="oc-2dc">
         <name>__TI_cinit_table</name>
         <load_address>0x2e78</load_address>
         <run_address>0x2e78</run_address>
         <size>0x18</size>
      </object_component>
      <object_component id="oc-1e4">
         <name>.vtable</name>
         <uninitialized>true</uninitialized>
         <run_address>0x20000000</run_address>
         <size>0x26c</size>
         <input_file_ref idref="fl-d"/>
      </object_component>
      <object_component id="oc-ad">
         <name>.data</name>
         <load_address>0x20000658</load_address>
         <run_address>0x20000658</run_address>
         <size>0x8</size>
         <input_file_ref idref="fl-4"/>
      </object_component>
      <object_component id="oc-110">
         <name>.data</name>
         <load_address>0x20000668</load_address>
         <run_address>0x20000668</run_address>
         <size>0x1</size>
         <input_file_ref idref="fl-5"/>
      </object_component>
      <object_component id="oc-149">
         <name>.data:$O1$$</name>
         <load_address>0x20000644</load_address>
         <run_address>0x20000644</run_address>
         <size>0xc</size>
         <input_file_ref idref="fl-cc"/>
      </object_component>
      <object_component id="oc-81">
         <name>.data</name>
         <load_address>0x20000664</load_address>
         <run_address>0x20000664</run_address>
         <size>0x4</size>
         <input_file_ref idref="fl-d2"/>
      </object_component>
      <object_component id="oc-14c">
         <name>.data:$O1$$</name>
         <load_address>0x20000650</load_address>
         <run_address>0x20000650</run_address>
         <size>0x8</size>
         <input_file_ref idref="fl-d3"/>
      </object_component>
      <object_component id="oc-291">
         <name>.data</name>
         <load_address>0x20000660</load_address>
         <run_address>0x20000660</run_address>
         <size>0x4</size>
         <input_file_ref idref="fl-e8"/>
      </object_component>
      <object_component id="oc-aa">
         <name>.common:TaskList</name>
         <uninitialized>true</uninitialized>
         <run_address>0x2000046c</run_address>
         <size>0x100</size>
      </object_component>
      <object_component id="oc-b0">
         <name>.common:TaskTimerList</name>
         <uninitialized>true</uninitialized>
         <run_address>0x2000056c</run_address>
         <size>0xc0</size>
      </object_component>
      <object_component id="oc-10f">
         <name>.common:SerialBuffer</name>
         <uninitialized>true</uninitialized>
         <run_address>0x2000062c</run_address>
         <size>0x10</size>
      </object_component>
      <object_component id="oc-10b">
         <name>.common:serialOnCharReceived</name>
         <uninitialized>true</uninitialized>
         <run_address>0x2000063c</run_address>
         <size>0x4</size>
      </object_component>
      <object_component id="oc-10e">
         <name>.common:serialOnLineReceived</name>
         <uninitialized>true</uninitialized>
         <run_address>0x20000640</run_address>
         <size>0x4</size>
      </object_component>
      <object_component id="oc-2a">
         <name>.stack</name>
         <uninitialized>true</uninitialized>
         <run_address>0x2000026c</run_address>
         <size>0x0</size>
         <input_file_ref idref="fl-c8"/>
      </object_component>
      <object_component id="oc-2e0">
         <name>.stack</name>
         <uninitialized>true</uninitialized>
         <run_address>0x2000026c</run_address>
         <size>0x0</size>
      </object_component>
      <object_component id="oc-1cb">
         <name>.debug_info</name>
         <load_address>0x0</load_address>
         <run_address>0x0</run_address>
         <size>0x402</size>
         <input_file_ref idref="fl-2"/>
      </object_component>
      <object_component id="oc-142">
         <name>.debug_info</name>
         <load_address>0x402</load_address>
         <run_address>0x402</run_address>
         <size>0x47f</size>
         <input_file_ref idref="fl-2"/>
      </object_component>
      <object_component id="oc-114">
         <name>.debug_info</name>
         <load_address>0x881</load_address>
         <run_address>0x881</run_address>
         <size>0x8b</size>
         <input_file_ref idref="fl-2"/>
      </object_component>
      <object_component id="oc-b2">
         <name>.debug_info</name>
         <load_address>0x90c</load_address>
         <run_address>0x90c</run_address>
         <size>0x18b</size>
         <input_file_ref idref="fl-2"/>
      </object_component>
      <object_component id="oc-ab">
         <name>.debug_info</name>
         <load_address>0xa97</load_address>
         <run_address>0xa97</run_address>
         <size>0x42d</size>
         <input_file_ref idref="fl-4"/>
      </object_component>
      <object_component id="oc-ae">
         <name>.debug_info</name>
         <load_address>0xec4</load_address>
         <run_address>0xec4</run_address>
         <size>0x160</size>
         <input_file_ref idref="fl-4"/>
      </object_component>
      <object_component id="oc-33">
         <name>.debug_info</name>
         <load_address>0x1024</load_address>
         <run_address>0x1024</run_address>
         <size>0x74f</size>
         <input_file_ref idref="fl-4"/>
      </object_component>
      <object_component id="oc-16f">
         <name>.debug_info</name>
         <load_address>0x1773</load_address>
         <run_address>0x1773</run_address>
         <size>0xef</size>
         <input_file_ref idref="fl-4"/>
      </object_component>
      <object_component id="oc-10c">
         <name>.debug_info</name>
         <load_address>0x1862</load_address>
         <run_address>0x1862</run_address>
         <size>0x6bc</size>
         <input_file_ref idref="fl-5"/>
      </object_component>
      <object_component id="oc-111">
         <name>.debug_info</name>
         <load_address>0x1f1e</load_address>
         <run_address>0x1f1e</run_address>
         <size>0x117</size>
         <input_file_ref idref="fl-5"/>
      </object_component>
      <object_component id="oc-38">
         <name>.debug_info</name>
         <load_address>0x2035</load_address>
         <run_address>0x2035</run_address>
         <size>0x76d</size>
         <input_file_ref idref="fl-5"/>
      </object_component>
      <object_component id="oc-180">
         <name>.debug_info</name>
         <load_address>0x27a2</load_address>
         <run_address>0x27a2</run_address>
         <size>0x4e</size>
         <input_file_ref idref="fl-5"/>
      </object_component>
      <object_component id="oc-3f">
         <name>.debug_info</name>
         <load_address>0x27f0</load_address>
         <run_address>0x27f0</run_address>
         <size>0x33b</size>
         <input_file_ref idref="fl-6"/>
      </object_component>
      <object_component id="oc-10">
         <name>.debug_info</name>
         <load_address>0x2b2b</load_address>
         <run_address>0x2b2b</run_address>
         <size>0x122</size>
         <input_file_ref idref="fl-6"/>
      </object_component>
      <object_component id="oc-2d">
         <name>.debug_info</name>
         <load_address>0x2c4d</load_address>
         <run_address>0x2c4d</run_address>
         <size>0x29e</size>
         <input_file_ref idref="fl-6"/>
      </object_component>
      <object_component id="oc-46">
         <name>.debug_info</name>
         <load_address>0x2eeb</load_address>
         <run_address>0x2eeb</run_address>
         <size>0x84</size>
         <input_file_ref idref="fl-6"/>
      </object_component>
      <object_component id="oc-18c">
         <name>.debug_info</name>
         <load_address>0x2f6f</load_address>
         <run_address>0x2f6f</run_address>
         <size>0x240</size>
         <input_file_ref idref="fl-c"/>
      </object_component>
      <object_component id="oc-189">
         <name>.debug_info</name>
         <load_address>0x31af</load_address>
         <run_address>0x31af</run_address>
         <size>0x15b</size>
         <input_file_ref idref="fl-c"/>
      </object_component>
      <object_component id="oc-18e">
         <name>.debug_info</name>
         <load_address>0x330a</load_address>
         <run_address>0x330a</run_address>
         <size>0x2b3</size>
         <input_file_ref idref="fl-c"/>
      </object_component>
      <object_component id="oc-194">
         <name>.debug_info</name>
         <load_address>0x35bd</load_address>
         <run_address>0x35bd</run_address>
         <size>0x316</size>
         <input_file_ref idref="fl-c"/>
      </object_component>
      <object_component id="oc-d6">
         <name>.debug_info</name>
         <load_address>0x38d3</load_address>
         <run_address>0x38d3</run_address>
         <size>0x27b</size>
         <input_file_ref idref="fl-c"/>
      </object_component>
      <object_component id="oc-d0">
         <name>.debug_info</name>
         <load_address>0x3b4e</load_address>
         <run_address>0x3b4e</run_address>
         <size>0x280</size>
         <input_file_ref idref="fl-c"/>
      </object_component>
      <object_component id="oc-1af">
         <name>.debug_info</name>
         <load_address>0x3dce</load_address>
         <run_address>0x3dce</run_address>
         <size>0x20e</size>
         <input_file_ref idref="fl-d"/>
      </object_component>
      <object_component id="oc-1ac">
         <name>.debug_info</name>
         <load_address>0x3fdc</load_address>
         <run_address>0x3fdc</run_address>
         <size>0x210</size>
         <input_file_ref idref="fl-d"/>
      </object_component>
      <object_component id="oc-1e5">
         <name>.debug_info</name>
         <load_address>0x41ec</load_address>
         <run_address>0x41ec</run_address>
         <size>0x157</size>
         <input_file_ref idref="fl-d"/>
      </object_component>
      <object_component id="oc-15f">
         <name>.debug_info</name>
         <load_address>0x4343</load_address>
         <run_address>0x4343</run_address>
         <size>0x2c1</size>
         <input_file_ref idref="fl-d"/>
      </object_component>
      <object_component id="oc-a6">
         <name>.debug_info</name>
         <load_address>0x4604</load_address>
         <run_address>0x4604</run_address>
         <size>0x23e</size>
         <input_file_ref idref="fl-d"/>
      </object_component>
      <object_component id="oc-88">
         <name>.debug_info</name>
         <load_address>0x4842</load_address>
         <run_address>0x4842</run_address>
         <size>0x240</size>
         <input_file_ref idref="fl-d"/>
      </object_component>
      <object_component id="oc-e9">
         <name>.debug_info</name>
         <load_address>0x4a82</load_address>
         <run_address>0x4a82</run_address>
         <size>0x268</size>
         <input_file_ref idref="fl-d"/>
      </object_component>
      <object_component id="oc-186">
         <name>.debug_info</name>
         <load_address>0x4cea</load_address>
         <run_address>0x4cea</run_address>
         <size>0x298</size>
         <input_file_ref idref="fl-f"/>
      </object_component>
      <object_component id="oc-19b">
         <name>.debug_info</name>
         <load_address>0x4f82</load_address>
         <run_address>0x4f82</run_address>
         <size>0x14d</size>
         <input_file_ref idref="fl-f"/>
      </object_component>
      <object_component id="oc-ca">
         <name>.debug_info</name>
         <load_address>0x50cf</load_address>
         <run_address>0x50cf</run_address>
         <size>0x27f</size>
         <input_file_ref idref="fl-f"/>
      </object_component>
      <object_component id="oc-c4">
         <name>.debug_info</name>
         <load_address>0x534e</load_address>
         <run_address>0x534e</run_address>
         <size>0x27d</size>
         <input_file_ref idref="fl-f"/>
      </object_component>
      <object_component id="oc-dd">
         <name>.debug_info</name>
         <load_address>0x55cb</load_address>
         <run_address>0x55cb</run_address>
         <size>0x2b5</size>
         <input_file_ref idref="fl-f"/>
      </object_component>
      <object_component id="oc-252">
         <name>.debug_info</name>
         <load_address>0x5880</load_address>
         <run_address>0x5880</run_address>
         <size>0x5f</size>
         <input_file_ref idref="fl-f"/>
      </object_component>
      <object_component id="oc-15d">
         <name>.debug_info</name>
         <load_address>0x58df</load_address>
         <run_address>0x58df</run_address>
         <size>0x19d</size>
         <input_file_ref idref="fl-10"/>
      </object_component>
      <object_component id="oc-93">
         <name>.debug_info</name>
         <load_address>0x5a7c</load_address>
         <run_address>0x5a7c</run_address>
         <size>0x261</size>
         <input_file_ref idref="fl-10"/>
      </object_component>
      <object_component id="oc-99">
         <name>.debug_info</name>
         <load_address>0x5cdd</load_address>
         <run_address>0x5cdd</run_address>
         <size>0x277</size>
         <input_file_ref idref="fl-10"/>
      </object_component>
      <object_component id="oc-9f">
         <name>.debug_info</name>
         <load_address>0x5f54</load_address>
         <run_address>0x5f54</run_address>
         <size>0x221</size>
         <input_file_ref idref="fl-10"/>
      </object_component>
      <object_component id="oc-8d">
         <name>.debug_info</name>
         <load_address>0x6175</load_address>
         <run_address>0x6175</run_address>
         <size>0x223</size>
         <input_file_ref idref="fl-10"/>
      </object_component>
      <object_component id="oc-177">
         <name>.debug_info</name>
         <load_address>0x6398</load_address>
         <run_address>0x6398</run_address>
         <size>0x227</size>
         <input_file_ref idref="fl-11"/>
      </object_component>
      <object_component id="oc-f4">
         <name>.debug_info</name>
         <load_address>0x65bf</load_address>
         <run_address>0x65bf</run_address>
         <size>0x27f</size>
         <input_file_ref idref="fl-11"/>
      </object_component>
      <object_component id="oc-ee">
         <name>.debug_info</name>
         <load_address>0x683e</load_address>
         <run_address>0x683e</run_address>
         <size>0x28f</size>
         <input_file_ref idref="fl-11"/>
      </object_component>
      <object_component id="oc-fa">
         <name>.debug_info</name>
         <load_address>0x6acd</load_address>
         <run_address>0x6acd</run_address>
         <size>0x28d</size>
         <input_file_ref idref="fl-11"/>
      </object_component>
      <object_component id="oc-1a5">
         <name>.debug_info</name>
         <load_address>0x6d5a</load_address>
         <run_address>0x6d5a</run_address>
         <size>0x247</size>
         <input_file_ref idref="fl-11"/>
      </object_component>
      <object_component id="oc-19f">
         <name>.debug_info</name>
         <load_address>0x6fa1</load_address>
         <run_address>0x6fa1</run_address>
         <size>0x249</size>
         <input_file_ref idref="fl-11"/>
      </object_component>
      <object_component id="oc-e2">
         <name>.debug_info</name>
         <load_address>0x71ea</load_address>
         <run_address>0x71ea</run_address>
         <size>0x326</size>
         <input_file_ref idref="fl-11"/>
      </object_component>
      <object_component id="oc-106">
         <name>.debug_info</name>
         <load_address>0x7510</load_address>
         <run_address>0x7510</run_address>
         <size>0x253</size>
         <input_file_ref idref="fl-11"/>
      </object_component>
      <object_component id="oc-b8">
         <name>.debug_info</name>
         <load_address>0x7763</load_address>
         <run_address>0x7763</run_address>
         <size>0x273</size>
         <input_file_ref idref="fl-11"/>
      </object_component>
      <object_component id="oc-100">
         <name>.debug_info</name>
         <load_address>0x79d6</load_address>
         <run_address>0x79d6</run_address>
         <size>0x263</size>
         <input_file_ref idref="fl-11"/>
      </object_component>
      <object_component id="oc-168">
         <name>.debug_info</name>
         <load_address>0x7c39</load_address>
         <run_address>0x7c39</run_address>
         <size>0x212</size>
         <input_file_ref idref="fl-12"/>
      </object_component>
      <object_component id="oc-155">
         <name>.debug_info</name>
         <load_address>0x7e4b</load_address>
         <run_address>0x7e4b</run_address>
         <size>0x20f</size>
         <input_file_ref idref="fl-12"/>
      </object_component>
      <object_component id="oc-26">
         <name>.debug_info</name>
         <load_address>0x805a</load_address>
         <run_address>0x805a</run_address>
         <size>0x160</size>
         <input_file_ref idref="fl-c8"/>
      </object_component>
      <object_component id="oc-120">
         <name>.debug_info</name>
         <load_address>0x81ba</load_address>
         <run_address>0x81ba</run_address>
         <size>0x293</size>
         <input_file_ref idref="fl-c9"/>
      </object_component>
      <object_component id="oc-14">
         <name>.debug_info</name>
         <load_address>0x844d</load_address>
         <run_address>0x844d</run_address>
         <size>0x245</size>
         <input_file_ref idref="fl-c9"/>
      </object_component>
      <object_component id="oc-41">
         <name>.debug_info</name>
         <load_address>0x8692</load_address>
         <run_address>0x8692</run_address>
         <size>0x60</size>
         <input_file_ref idref="fl-c9"/>
      </object_component>
      <object_component id="oc-11b">
         <name>.debug_info</name>
         <load_address>0x86f2</load_address>
         <run_address>0x86f2</run_address>
         <size>0x46</size>
         <input_file_ref idref="fl-c9"/>
      </object_component>
      <object_component id="oc-56">
         <name>.debug_info</name>
         <load_address>0x8738</load_address>
         <run_address>0x8738</run_address>
         <size>0x2da</size>
         <input_file_ref idref="fl-ca"/>
      </object_component>
      <object_component id="oc-19">
         <name>.debug_info</name>
         <load_address>0x8a12</load_address>
         <run_address>0x8a12</run_address>
         <size>0x1df</size>
         <input_file_ref idref="fl-ca"/>
      </object_component>
      <object_component id="oc-51">
         <name>.debug_info</name>
         <load_address>0x8bf1</load_address>
         <run_address>0x8bf1</run_address>
         <size>0x46</size>
         <input_file_ref idref="fl-ca"/>
      </object_component>
      <object_component id="oc-122">
         <name>.debug_info</name>
         <load_address>0x8c37</load_address>
         <run_address>0x8c37</run_address>
         <size>0x2c</size>
         <input_file_ref idref="fl-ca"/>
      </object_component>
      <object_component id="oc-62">
         <name>.debug_info</name>
         <load_address>0x8c63</load_address>
         <run_address>0x8c63</run_address>
         <size>0x2c9</size>
         <input_file_ref idref="fl-cb"/>
      </object_component>
      <object_component id="oc-1f">
         <name>.debug_info</name>
         <load_address>0x8f2c</load_address>
         <run_address>0x8f2c</run_address>
         <size>0x1aa</size>
         <input_file_ref idref="fl-cb"/>
      </object_component>
      <object_component id="oc-5d">
         <name>.debug_info</name>
         <load_address>0x90d6</load_address>
         <run_address>0x90d6</run_address>
         <size>0x46</size>
         <input_file_ref idref="fl-cb"/>
      </object_component>
      <object_component id="oc-12a">
         <name>.debug_info</name>
         <load_address>0x911c</load_address>
         <run_address>0x911c</run_address>
         <size>0x2c</size>
         <input_file_ref idref="fl-cb"/>
      </object_component>
      <object_component id="oc-150">
         <name>.debug_info</name>
         <load_address>0x9148</load_address>
         <run_address>0x9148</run_address>
         <size>0x3ce</size>
         <input_file_ref idref="fl-cc"/>
      </object_component>
      <object_component id="oc-14a">
         <name>.debug_info</name>
         <load_address>0x9516</load_address>
         <run_address>0x9516</run_address>
         <size>0x185</size>
         <input_file_ref idref="fl-cc"/>
      </object_component>
      <object_component id="oc-7c">
         <name>.debug_info</name>
         <load_address>0x969b</load_address>
         <run_address>0x969b</run_address>
         <size>0x214</size>
         <input_file_ref idref="fl-cc"/>
      </object_component>
      <object_component id="oc-4c">
         <name>.debug_info</name>
         <load_address>0x98af</load_address>
         <run_address>0x98af</run_address>
         <size>0x111</size>
         <input_file_ref idref="fl-cd"/>
      </object_component>
      <object_component id="oc-5a">
         <name>.debug_info</name>
         <load_address>0x99c0</load_address>
         <run_address>0x99c0</run_address>
         <size>0x13f</size>
         <input_file_ref idref="fl-ce"/>
      </object_component>
      <object_component id="oc-64">
         <name>.debug_info</name>
         <load_address>0x9aff</load_address>
         <run_address>0x9aff</run_address>
         <size>0x138</size>
         <input_file_ref idref="fl-cf"/>
      </object_component>
      <object_component id="oc-6a">
         <name>.debug_info</name>
         <load_address>0x9c37</load_address>
         <run_address>0x9c37</run_address>
         <size>0x148</size>
         <input_file_ref idref="fl-d0"/>
      </object_component>
      <object_component id="oc-17f">
         <name>.debug_info</name>
         <load_address>0x9d7f</load_address>
         <run_address>0x9d7f</run_address>
         <size>0x355</size>
         <input_file_ref idref="fl-d1"/>
      </object_component>
      <object_component id="oc-be">
         <name>.debug_info</name>
         <load_address>0xa0d4</load_address>
         <run_address>0xa0d4</run_address>
         <size>0x2e4</size>
         <input_file_ref idref="fl-d1"/>
      </object_component>
      <object_component id="oc-249">
         <name>.debug_info</name>
         <load_address>0xa3b8</load_address>
         <run_address>0xa3b8</run_address>
         <size>0x2c</size>
         <input_file_ref idref="fl-d1"/>
      </object_component>
      <object_component id="oc-82">
         <name>.debug_info</name>
         <load_address>0xa3e4</load_address>
         <run_address>0xa3e4</run_address>
         <size>0x109</size>
         <input_file_ref idref="fl-d2"/>
      </object_component>
      <object_component id="oc-1dd">
         <name>.debug_info</name>
         <load_address>0xa4ed</load_address>
         <run_address>0xa4ed</run_address>
         <size>0x2be</size>
         <input_file_ref idref="fl-d3"/>
      </object_component>
      <object_component id="oc-14d">
         <name>.debug_info</name>
         <load_address>0xa7ab</load_address>
         <run_address>0xa7ab</run_address>
         <size>0x113</size>
         <input_file_ref idref="fl-d3"/>
      </object_component>
      <object_component id="oc-1d7">
         <name>.debug_info</name>
         <load_address>0xa8be</load_address>
         <run_address>0xa8be</run_address>
         <size>0x21f</size>
         <input_file_ref idref="fl-d3"/>
      </object_component>
      <object_component id="oc-23e">
         <name>.debug_info</name>
         <load_address>0xaadd</load_address>
         <run_address>0xaadd</run_address>
         <size>0x51f</size>
         <input_file_ref idref="fl-d4"/>
      </object_component>
      <object_component id="oc-179">
         <name>.debug_info</name>
         <load_address>0xaffc</load_address>
         <run_address>0xaffc</run_address>
         <size>0x1543</size>
         <input_file_ref idref="fl-d4"/>
      </object_component>
      <object_component id="oc-23f">
         <name>.debug_info</name>
         <load_address>0xc53f</load_address>
         <run_address>0xc53f</run_address>
         <size>0x86</size>
         <input_file_ref idref="fl-d4"/>
      </object_component>
      <object_component id="oc-2a1">
         <name>.debug_info</name>
         <load_address>0xc5c5</load_address>
         <run_address>0xc5c5</run_address>
         <size>0x46</size>
         <input_file_ref idref="fl-d4"/>
      </object_component>
      <object_component id="oc-244">
         <name>.debug_info</name>
         <load_address>0xc60b</load_address>
         <run_address>0xc60b</run_address>
         <size>0x39</size>
         <input_file_ref idref="fl-d4"/>
      </object_component>
      <object_component id="oc-148">
         <name>.debug_info</name>
         <load_address>0xc644</load_address>
         <run_address>0xc644</run_address>
         <size>0x300</size>
         <input_file_ref idref="fl-d5"/>
      </object_component>
      <object_component id="oc-76">
         <name>.debug_info</name>
         <load_address>0xc944</load_address>
         <run_address>0xc944</run_address>
         <size>0x167</size>
         <input_file_ref idref="fl-d5"/>
      </object_component>
      <object_component id="oc-1ce">
         <name>.debug_info</name>
         <load_address>0xcaab</load_address>
         <run_address>0xcaab</run_address>
         <size>0x5e</size>
         <input_file_ref idref="fl-d5"/>
      </object_component>
      <object_component id="oc-29c">
         <name>.debug_info</name>
         <load_address>0xcb09</load_address>
         <run_address>0xcb09</run_address>
         <size>0x2ae</size>
         <input_file_ref idref="fl-d6"/>
      </object_component>
      <object_component id="oc-232">
         <name>.debug_info</name>
         <load_address>0xcdb7</load_address>
         <run_address>0xcdb7</run_address>
         <size>0x171</size>
         <input_file_ref idref="fl-d6"/>
      </object_component>
      <object_component id="oc-140">
         <name>.debug_info</name>
         <load_address>0xcf28</load_address>
         <run_address>0xcf28</run_address>
         <size>0x483</size>
         <input_file_ref idref="fl-d7"/>
      </object_component>
      <object_component id="oc-72">
         <name>.debug_info</name>
         <load_address>0xd3ab</load_address>
         <run_address>0xd3ab</run_address>
         <size>0x190</size>
         <input_file_ref idref="fl-d7"/>
      </object_component>
      <object_component id="oc-1c0">
         <name>.debug_info</name>
         <load_address>0xd53b</load_address>
         <run_address>0xd53b</run_address>
         <size>0x39</size>
         <input_file_ref idref="fl-d7"/>
      </object_component>
      <object_component id="oc-26c">
         <name>.debug_info</name>
         <load_address>0xd574</load_address>
         <run_address>0xd574</run_address>
         <size>0x39</size>
         <input_file_ref idref="fl-d7"/>
      </object_component>
      <object_component id="oc-1c5">
         <name>.debug_info</name>
         <load_address>0xd5ad</load_address>
         <run_address>0xd5ad</run_address>
         <size>0xcd</size>
         <input_file_ref idref="fl-d7"/>
      </object_component>
      <object_component id="oc-1bc">
         <name>.debug_info</name>
         <load_address>0xd67a</load_address>
         <run_address>0xd67a</run_address>
         <size>0x37a</size>
         <input_file_ref idref="fl-d8"/>
      </object_component>
      <object_component id="oc-134">
         <name>.debug_info</name>
         <load_address>0xd9f4</load_address>
         <run_address>0xd9f4</run_address>
         <size>0x183</size>
         <input_file_ref idref="fl-d8"/>
      </object_component>
      <object_component id="oc-267">
         <name>.debug_info</name>
         <load_address>0xdb77</load_address>
         <run_address>0xdb77</run_address>
         <size>0x2c</size>
         <input_file_ref idref="fl-d8"/>
      </object_component>
      <object_component id="oc-2b5">
         <name>.debug_info</name>
         <load_address>0xdba3</load_address>
         <run_address>0xdba3</run_address>
         <size>0xee</size>
         <input_file_ref idref="fl-d9"/>
      </object_component>
      <object_component id="oc-299">
         <name>.debug_info</name>
         <load_address>0xdc91</load_address>
         <run_address>0xdc91</run_address>
         <size>0xfa</size>
         <input_file_ref idref="fl-d9"/>
      </object_component>
      <object_component id="oc-21b">
         <name>.debug_info</name>
         <load_address>0xdd8b</load_address>
         <run_address>0xdd8b</run_address>
         <size>0x144</size>
         <input_file_ref idref="fl-da"/>
      </object_component>
      <object_component id="oc-1f8">
         <name>.debug_info</name>
         <load_address>0xdecf</load_address>
         <run_address>0xdecf</run_address>
         <size>0x120</size>
         <input_file_ref idref="fl-db"/>
      </object_component>
      <object_component id="oc-208">
         <name>.debug_info</name>
         <load_address>0xdfef</load_address>
         <run_address>0xdfef</run_address>
         <size>0x122</size>
         <input_file_ref idref="fl-db"/>
      </object_component>
      <object_component id="oc-203">
         <name>.debug_info</name>
         <load_address>0xe111</load_address>
         <run_address>0xe111</run_address>
         <size>0x132</size>
         <input_file_ref idref="fl-dc"/>
      </object_component>
      <object_component id="oc-1fe">
         <name>.debug_info</name>
         <load_address>0xe243</load_address>
         <run_address>0xe243</run_address>
         <size>0x132</size>
         <input_file_ref idref="fl-dd"/>
      </object_component>
      <object_component id="oc-20c">
         <name>.debug_info</name>
         <load_address>0xe375</load_address>
         <run_address>0xe375</run_address>
         <size>0x126</size>
         <input_file_ref idref="fl-de"/>
      </object_component>
      <object_component id="oc-216">
         <name>.debug_info</name>
         <load_address>0xe49b</load_address>
         <run_address>0xe49b</run_address>
         <size>0x124</size>
         <input_file_ref idref="fl-df"/>
      </object_component>
      <object_component id="oc-281">
         <name>.debug_info</name>
         <load_address>0xe5bf</load_address>
         <run_address>0xe5bf</run_address>
         <size>0x2e6</size>
         <input_file_ref idref="fl-e0"/>
      </object_component>
      <object_component id="oc-211">
         <name>.debug_info</name>
         <load_address>0xe8a5</load_address>
         <run_address>0xe8a5</run_address>
         <size>0x1c2</size>
         <input_file_ref idref="fl-e0"/>
      </object_component>
      <object_component id="oc-29e">
         <name>.debug_info</name>
         <load_address>0xea67</load_address>
         <run_address>0xea67</run_address>
         <size>0x28b</size>
         <input_file_ref idref="fl-e1"/>
      </object_component>
      <object_component id="oc-238">
         <name>.debug_info</name>
         <load_address>0xecf2</load_address>
         <run_address>0xecf2</run_address>
         <size>0x1ab</size>
         <input_file_ref idref="fl-e1"/>
      </object_component>
      <object_component id="oc-285">
         <name>.debug_info</name>
         <load_address>0xee9d</load_address>
         <run_address>0xee9d</run_address>
         <size>0x2d9</size>
         <input_file_ref idref="fl-e2"/>
      </object_component>
      <object_component id="oc-223">
         <name>.debug_info</name>
         <load_address>0xf176</load_address>
         <run_address>0xf176</run_address>
         <size>0x18a</size>
         <input_file_ref idref="fl-e2"/>
      </object_component>
      <object_component id="oc-286">
         <name>.debug_info</name>
         <load_address>0xf300</load_address>
         <run_address>0xf300</run_address>
         <size>0x2c</size>
         <input_file_ref idref="fl-e2"/>
      </object_component>
      <object_component id="oc-295">
         <name>.debug_info</name>
         <load_address>0xf32c</load_address>
         <run_address>0xf32c</run_address>
         <size>0x316</size>
         <input_file_ref idref="fl-e3"/>
      </object_component>
      <object_component id="oc-228">
         <name>.debug_info</name>
         <load_address>0xf642</load_address>
         <run_address>0xf642</run_address>
         <size>0x1d5</size>
         <input_file_ref idref="fl-e3"/>
      </object_component>
      <object_component id="oc-13a">
         <name>.debug_info</name>
         <load_address>0xf817</load_address>
         <run_address>0xf817</run_address>
         <size>0x145</size>
         <input_file_ref idref="fl-e4"/>
      </object_component>
      <object_component id="oc-297">
         <name>.debug_info</name>
         <load_address>0xf95c</load_address>
         <run_address>0xf95c</run_address>
         <size>0x28f</size>
         <input_file_ref idref="fl-e5"/>
      </object_component>
      <object_component id="oc-22c">
         <name>.debug_info</name>
         <load_address>0xfbeb</load_address>
         <run_address>0xfbeb</run_address>
         <size>0x244</size>
         <input_file_ref idref="fl-e5"/>
      </object_component>
      <object_component id="oc-27a">
         <name>.debug_info</name>
         <load_address>0xfe2f</load_address>
         <run_address>0xfe2f</run_address>
         <size>0x284</size>
         <input_file_ref idref="fl-e6"/>
      </object_component>
      <object_component id="oc-1f3">
         <name>.debug_info</name>
         <load_address>0x100b3</load_address>
         <run_address>0x100b3</run_address>
         <size>0x22a</size>
         <input_file_ref idref="fl-e6"/>
      </object_component>
      <object_component id="oc-1ec">
         <name>.debug_info</name>
         <load_address>0x102dd</load_address>
         <run_address>0x102dd</run_address>
         <size>0x17d</size>
         <input_file_ref idref="fl-e7"/>
      </object_component>
      <object_component id="oc-292">
         <name>.debug_info</name>
         <load_address>0x1045a</load_address>
         <run_address>0x1045a</run_address>
         <size>0xf3</size>
         <input_file_ref idref="fl-e8"/>
      </object_component>
      <object_component id="oc-28e">
         <name>.debug_info</name>
         <load_address>0x1054d</load_address>
         <run_address>0x1054d</run_address>
         <size>0x156</size>
         <input_file_ref idref="fl-e9"/>
      </object_component>
      <object_component id="oc-2e1">
         <name>.debug_info</name>
         <load_address>0x106a3</load_address>
         <run_address>0x106a3</run_address>
         <size>0xd8</size>
      </object_component>
      <object_component id="oc-272">
         <name>.debug_line</name>
         <load_address>0x0</load_address>
         <run_address>0x0</run_address>
         <size>0x45</size>
         <input_file_ref idref="fl-2"/>
      </object_component>
      <object_component id="oc-146">
         <name>.debug_line</name>
         <load_address>0x45</load_address>
         <run_address>0x45</run_address>
         <size>0xe5</size>
         <input_file_ref idref="fl-2"/>
      </object_component>
      <object_component id="oc-117">
         <name>.debug_line</name>
         <load_address>0x12a</load_address>
         <run_address>0x12a</run_address>
         <size>0x20</size>
         <input_file_ref idref="fl-2"/>
      </object_component>
      <object_component id="oc-b5">
         <name>.debug_line</name>
         <load_address>0x14a</load_address>
         <run_address>0x14a</run_address>
         <size>0x65</size>
         <input_file_ref idref="fl-2"/>
      </object_component>
      <object_component id="oc-16e">
         <name>.debug_line</name>
         <load_address>0x1af</load_address>
         <run_address>0x1af</run_address>
         <size>0xa0</size>
         <input_file_ref idref="fl-4"/>
      </object_component>
      <object_component id="oc-175">
         <name>.debug_line</name>
         <load_address>0x24f</load_address>
         <run_address>0x24f</run_address>
         <size>0x2c</size>
         <input_file_ref idref="fl-4"/>
      </object_component>
      <object_component id="oc-36">
         <name>.debug_line</name>
         <load_address>0x27b</load_address>
         <run_address>0x27b</run_address>
         <size>0x1ee</size>
         <input_file_ref idref="fl-4"/>
      </object_component>
      <object_component id="oc-172">
         <name>.debug_line</name>
         <load_address>0x469</load_address>
         <run_address>0x469</run_address>
         <size>0x2c</size>
         <input_file_ref idref="fl-4"/>
      </object_component>
      <object_component id="oc-1b6">
         <name>.debug_line</name>
         <load_address>0x495</load_address>
         <run_address>0x495</run_address>
         <size>0x14f</size>
         <input_file_ref idref="fl-5"/>
      </object_component>
      <object_component id="oc-1b8">
         <name>.debug_line</name>
         <load_address>0x5e4</load_address>
         <run_address>0x5e4</run_address>
         <size>0x2c</size>
         <input_file_ref idref="fl-5"/>
      </object_component>
      <object_component id="oc-3b">
         <name>.debug_line</name>
         <load_address>0x610</load_address>
         <run_address>0x610</run_address>
         <size>0x154</size>
         <input_file_ref idref="fl-5"/>
      </object_component>
      <object_component id="oc-183">
         <name>.debug_line</name>
         <load_address>0x764</load_address>
         <run_address>0x764</run_address>
         <size>0x65</size>
         <input_file_ref idref="fl-5"/>
      </object_component>
      <object_component id="oc-11a">
         <name>.debug_line</name>
         <load_address>0x7c9</load_address>
         <run_address>0x7c9</run_address>
         <size>0x41</size>
         <input_file_ref idref="fl-6"/>
      </object_component>
      <object_component id="oc-3e">
         <name>.debug_line</name>
         <load_address>0x80a</load_address>
         <run_address>0x80a</run_address>
         <size>0x41</size>
         <input_file_ref idref="fl-6"/>
      </object_component>
      <object_component id="oc-2c">
         <name>.debug_line</name>
         <load_address>0x84b</load_address>
         <run_address>0x84b</run_address>
         <size>0xa1</size>
         <input_file_ref idref="fl-6"/>
      </object_component>
      <object_component id="oc-49">
         <name>.debug_line</name>
         <load_address>0x8ec</load_address>
         <run_address>0x8ec</run_address>
         <size>0x20</size>
         <input_file_ref idref="fl-6"/>
      </object_component>
      <object_component id="oc-25a">
         <name>.debug_line</name>
         <load_address>0x90c</load_address>
         <run_address>0x90c</run_address>
         <size>0x82</size>
         <input_file_ref idref="fl-c"/>
      </object_component>
      <object_component id="oc-258">
         <name>.debug_line</name>
         <load_address>0x98e</load_address>
         <run_address>0x98e</run_address>
         <size>0x7d</size>
         <input_file_ref idref="fl-c"/>
      </object_component>
      <object_component id="oc-191">
         <name>.debug_line</name>
         <load_address>0xa0b</load_address>
         <run_address>0xa0b</run_address>
         <size>0x95</size>
         <input_file_ref idref="fl-c"/>
      </object_component>
      <object_component id="oc-197">
         <name>.debug_line</name>
         <load_address>0xaa0</load_address>
         <run_address>0xaa0</run_address>
         <size>0xd1</size>
         <input_file_ref idref="fl-c"/>
      </object_component>
      <object_component id="oc-d9">
         <name>.debug_line</name>
         <load_address>0xb71</load_address>
         <run_address>0xb71</run_address>
         <size>0x93</size>
         <input_file_ref idref="fl-c"/>
      </object_component>
      <object_component id="oc-d3">
         <name>.debug_line</name>
         <load_address>0xc04</load_address>
         <run_address>0xc04</run_address>
         <size>0xa7</size>
         <input_file_ref idref="fl-c"/>
      </object_component>
      <object_component id="oc-264">
         <name>.debug_line</name>
         <load_address>0xcab</load_address>
         <run_address>0xcab</run_address>
         <size>0x7c</size>
         <input_file_ref idref="fl-d"/>
      </object_component>
      <object_component id="oc-262">
         <name>.debug_line</name>
         <load_address>0xd27</load_address>
         <run_address>0xd27</run_address>
         <size>0x82</size>
         <input_file_ref idref="fl-d"/>
      </object_component>
      <object_component id="oc-277">
         <name>.debug_line</name>
         <load_address>0xda9</load_address>
         <run_address>0xda9</run_address>
         <size>0x82</size>
         <input_file_ref idref="fl-d"/>
      </object_component>
      <object_component id="oc-162">
         <name>.debug_line</name>
         <load_address>0xe2b</load_address>
         <run_address>0xe2b</run_address>
         <size>0xaf</size>
         <input_file_ref idref="fl-d"/>
      </object_component>
      <object_component id="oc-a9">
         <name>.debug_line</name>
         <load_address>0xeda</load_address>
         <run_address>0xeda</run_address>
         <size>0x97</size>
         <input_file_ref idref="fl-d"/>
      </object_component>
      <object_component id="oc-8b">
         <name>.debug_line</name>
         <load_address>0xf71</load_address>
         <run_address>0xf71</run_address>
         <size>0x97</size>
         <input_file_ref idref="fl-d"/>
      </object_component>
      <object_component id="oc-ec">
         <name>.debug_line</name>
         <load_address>0x1008</load_address>
         <run_address>0x1008</run_address>
         <size>0xc2</size>
         <input_file_ref idref="fl-d"/>
      </object_component>
      <object_component id="oc-251">
         <name>.debug_line</name>
         <load_address>0x10ca</load_address>
         <run_address>0x10ca</run_address>
         <size>0x13d</size>
         <input_file_ref idref="fl-f"/>
      </object_component>
      <object_component id="oc-25e">
         <name>.debug_line</name>
         <load_address>0x1207</load_address>
         <run_address>0x1207</run_address>
         <size>0x7f</size>
         <input_file_ref idref="fl-f"/>
      </object_component>
      <object_component id="oc-cd">
         <name>.debug_line</name>
         <load_address>0x1286</load_address>
         <run_address>0x1286</run_address>
         <size>0x94</size>
         <input_file_ref idref="fl-f"/>
      </object_component>
      <object_component id="oc-c7">
         <name>.debug_line</name>
         <load_address>0x131a</load_address>
         <run_address>0x131a</run_address>
         <size>0x94</size>
         <input_file_ref idref="fl-f"/>
      </object_component>
      <object_component id="oc-dc">
         <name>.debug_line</name>
         <load_address>0x13ae</load_address>
         <run_address>0x13ae</run_address>
         <size>0x11a</size>
         <input_file_ref idref="fl-f"/>
      </object_component>
      <object_component id="oc-255">
         <name>.debug_line</name>
         <load_address>0x14c8</load_address>
         <run_address>0x14c8</run_address>
         <size>0x7f</size>
         <input_file_ref idref="fl-f"/>
      </object_component>
      <object_component id="oc-1e3">
         <name>.debug_line</name>
         <load_address>0x1547</load_address>
         <run_address>0x1547</run_address>
         <size>0x82</size>
         <input_file_ref idref="fl-10"/>
      </object_component>
      <object_component id="oc-96">
         <name>.debug_line</name>
         <load_address>0x15c9</load_address>
         <run_address>0x15c9</run_address>
         <size>0x95</size>
         <input_file_ref idref="fl-10"/>
      </object_component>
      <object_component id="oc-9c">
         <name>.debug_line</name>
         <load_address>0x165e</load_address>
         <run_address>0x165e</run_address>
         <size>0x96</size>
         <input_file_ref idref="fl-10"/>
      </object_component>
      <object_component id="oc-a2">
         <name>.debug_line</name>
         <load_address>0x16f4</load_address>
         <run_address>0x16f4</run_address>
         <size>0x92</size>
         <input_file_ref idref="fl-10"/>
      </object_component>
      <object_component id="oc-90">
         <name>.debug_line</name>
         <load_address>0x1786</load_address>
         <run_address>0x1786</run_address>
         <size>0x92</size>
         <input_file_ref idref="fl-10"/>
      </object_component>
      <object_component id="oc-1ea">
         <name>.debug_line</name>
         <load_address>0x1818</load_address>
         <run_address>0x1818</run_address>
         <size>0x82</size>
         <input_file_ref idref="fl-11"/>
      </object_component>
      <object_component id="oc-f7">
         <name>.debug_line</name>
         <load_address>0x189a</load_address>
         <run_address>0x189a</run_address>
         <size>0x92</size>
         <input_file_ref idref="fl-11"/>
      </object_component>
      <object_component id="oc-f1">
         <name>.debug_line</name>
         <load_address>0x192c</load_address>
         <run_address>0x192c</run_address>
         <size>0x92</size>
         <input_file_ref idref="fl-11"/>
      </object_component>
      <object_component id="oc-fd">
         <name>.debug_line</name>
         <load_address>0x19be</load_address>
         <run_address>0x19be</run_address>
         <size>0x92</size>
         <input_file_ref idref="fl-11"/>
      </object_component>
      <object_component id="oc-1a8">
         <name>.debug_line</name>
         <load_address>0x1a50</load_address>
         <run_address>0x1a50</run_address>
         <size>0x93</size>
         <input_file_ref idref="fl-11"/>
      </object_component>
      <object_component id="oc-1a2">
         <name>.debug_line</name>
         <load_address>0x1ae3</load_address>
         <run_address>0x1ae3</run_address>
         <size>0x96</size>
         <input_file_ref idref="fl-11"/>
      </object_component>
      <object_component id="oc-e5">
         <name>.debug_line</name>
         <load_address>0x1b79</load_address>
         <run_address>0x1b79</run_address>
         <size>0xb3</size>
         <input_file_ref idref="fl-11"/>
      </object_component>
      <object_component id="oc-109">
         <name>.debug_line</name>
         <load_address>0x1c2c</load_address>
         <run_address>0x1c2c</run_address>
         <size>0x92</size>
         <input_file_ref idref="fl-11"/>
      </object_component>
      <object_component id="oc-bb">
         <name>.debug_line</name>
         <load_address>0x1cbe</load_address>
         <run_address>0x1cbe</run_address>
         <size>0x93</size>
         <input_file_ref idref="fl-11"/>
      </object_component>
      <object_component id="oc-103">
         <name>.debug_line</name>
         <load_address>0x1d51</load_address>
         <run_address>0x1d51</run_address>
         <size>0x92</size>
         <input_file_ref idref="fl-11"/>
      </object_component>
      <object_component id="oc-167">
         <name>.debug_line</name>
         <load_address>0x1de3</load_address>
         <run_address>0x1de3</run_address>
         <size>0x91</size>
         <input_file_ref idref="fl-12"/>
      </object_component>
      <object_component id="oc-158">
         <name>.debug_line</name>
         <load_address>0x1e74</load_address>
         <run_address>0x1e74</run_address>
         <size>0x91</size>
         <input_file_ref idref="fl-12"/>
      </object_component>
      <object_component id="oc-25">
         <name>.debug_line</name>
         <load_address>0x1f05</load_address>
         <run_address>0x1f05</run_address>
         <size>0x53</size>
         <input_file_ref idref="fl-c8"/>
      </object_component>
      <object_component id="oc-1ba">
         <name>.debug_line</name>
         <load_address>0x1f58</load_address>
         <run_address>0x1f58</run_address>
         <size>0x20</size>
         <input_file_ref idref="fl-c9"/>
      </object_component>
      <object_component id="oc-16">
         <name>.debug_line</name>
         <load_address>0x1f78</load_address>
         <run_address>0x1f78</run_address>
         <size>0xa9</size>
         <input_file_ref idref="fl-c9"/>
      </object_component>
      <object_component id="oc-44">
         <name>.debug_line</name>
         <load_address>0x2021</load_address>
         <run_address>0x2021</run_address>
         <size>0x3a</size>
         <input_file_ref idref="fl-c9"/>
      </object_component>
      <object_component id="oc-11e">
         <name>.debug_line</name>
         <load_address>0x205b</load_address>
         <run_address>0x205b</run_address>
         <size>0x8a</size>
         <input_file_ref idref="fl-c9"/>
      </object_component>
      <object_component id="oc-128">
         <name>.debug_line</name>
         <load_address>0x20e5</load_address>
         <run_address>0x20e5</run_address>
         <size>0x8a</size>
         <input_file_ref idref="fl-ca"/>
      </object_component>
      <object_component id="oc-1c">
         <name>.debug_line</name>
         <load_address>0x216f</load_address>
         <run_address>0x216f</run_address>
         <size>0x55</size>
         <input_file_ref idref="fl-ca"/>
      </object_component>
      <object_component id="oc-54">
         <name>.debug_line</name>
         <load_address>0x21c4</load_address>
         <run_address>0x21c4</run_address>
         <size>0x3a</size>
         <input_file_ref idref="fl-ca"/>
      </object_component>
      <object_component id="oc-125">
         <name>.debug_line</name>
         <load_address>0x21fe</load_address>
         <run_address>0x21fe</run_address>
         <size>0x8a</size>
         <input_file_ref idref="fl-ca"/>
      </object_component>
      <object_component id="oc-130">
         <name>.debug_line</name>
         <load_address>0x2288</load_address>
         <run_address>0x2288</run_address>
         <size>0x8a</size>
         <input_file_ref idref="fl-cb"/>
      </object_component>
      <object_component id="oc-22">
         <name>.debug_line</name>
         <load_address>0x2312</load_address>
         <run_address>0x2312</run_address>
         <size>0x4f</size>
         <input_file_ref idref="fl-cb"/>
      </object_component>
[...]
         <name>__STACK_SIZE</name>
         <value>0x200</value>
      </symbol>
      <symbol id="sm-9">
         <name>__STACK_END</name>
         <value>0x2000046c</value>
      </symbol>
      <symbol id="sm-a">
         <name>__c_args__</name>
         <value>0xffffffff</value>
      </symbol>
      <symbol id="sm-b">
         <name>__TI_pprof_out_hndl</name>
         <value>0xffffffff</value>
      </symbol>
      <symbol id="sm-c">
         <name>__TI_prof_data_start</name>
         <value>0xffffffff</value>
      </symbol>
      <symbol id="sm-d">
         <name>__TI_prof_data_size</name>
         <value>0xffffffff</value>
      </symbol>
      <symbol id="sm-46">
         <name>Loop</name>
         <value>0x247b</value>
         <object_component_ref idref="oc-141"/>
      </symbol>
      <symbol id="sm-47">
         <name>Task_StatusUpdate_Exec</name>
         <value>0x2431</value>
         <object_component_ref idref="oc-141"/>
      </symbol>
      <symbol id="sm-48">
         <name>main</name>
         <value>0x2483</value>
         <object_component_ref idref="oc-141"/>
      </symbol>
      <symbol id="sm-49">
         <name>Setup</name>
         <value>0x245f</value>
         <object_component_ref idref="oc-141"/>
      </symbol>
      <symbol id="sm-4a">
         <name>SerialOnLineReceived</name>
         <value>0x2453</value>
         <object_component_ref idref="oc-141"/>
      </symbol>
      <symbol id="sm-4b">
         <name>SerialOnCharReceived</name>
         <value>0x2443</value>
         <object_component_ref idref="oc-141"/>
      </symbol>
      <symbol id="sm-4c">
         <name>Task_StatusUpdate_Init</name>
         <value>0x242d</value>
         <object_component_ref idref="oc-141"/>
      </symbol>
      <symbol id="sm-8f">
         <name>TaskList</name>
         <value>0x2000046c</value>
      </symbol>
      <symbol id="sm-90">
         <name>TaskTimerList</name>
         <value>0x2000056c</value>
      </symbol>
      <symbol id="sm-91">
         <name>UpdateScheduler</name>
         <value>0x155d</value>
         <object_component_ref idref="oc-31"/>
      </symbol>
      <symbol id="sm-92">
         <name>AddTaskTime</name>
         <value>0x14b1</value>
         <object_component_ref idref="oc-31"/>
      </symbol>
      <symbol id="sm-93">
         <name>numOfTaskTimers</name>
         <value>0x20000659</value>
         <object_component_ref idref="oc-ad"/>
      </symbol>
      <symbol id="sm-94">
         <name>SetTaskState</name>
         <value>0x13c3</value>
         <object_component_ref idref="oc-31"/>
      </symbol>
      <symbol id="sm-95">
         <name>InitScheduler</name>
         <value>0x1553</value>
         <object_component_ref idref="oc-31"/>
      </symbol>
      <symbol id="sm-96">
         <name>numOfTasks</name>
         <value>0x20000658</value>
         <object_component_ref idref="oc-ad"/>
      </symbol>
      <symbol id="sm-97">
         <name>GetTaskState</name>
         <value>0x13ad</value>
         <object_component_ref idref="oc-31"/>
      </symbol>
      <symbol id="sm-98">
         <name>currentTime</name>
         <value>0x2000065c</value>
         <object_component_ref idref="oc-ad"/>
      </symbol>
      <symbol id="sm-99">
         <name>AddTaskCond</name>
         <value>0x1449</value>
         <object_component_ref idref="oc-31"/>
      </symbol>
      <symbol id="sm-9a">
         <name>AddTask</name>
         <value>0x13e1</value>
         <object_component_ref idref="oc-31"/>
      </symbol>
      <symbol id="sm-9b">
         <name>InitSysTick</name>
         <value>0x1663</value>
         <object_component_ref idref="oc-31"/>
      </symbol>
      <symbol id="sm-9c">
         <name>SysTickInterruptHandler</name>
         <value>0x16bd</value>
         <object_component_ref idref="oc-31"/>
      </symbol>
      <symbol id="sm-cd">
         <name>SerialBuffer</name>
         <value>0x2000062c</value>
      </symbol>
      <symbol id="sm-ce">
         <name>serialOnCharReceived</name>
         <value>0x2000063c</value>
      </symbol>
      <symbol id="sm-cf">
         <name>serialOnLineReceived</name>
         <value>0x20000640</value>
      </symbol>
      <symbol id="sm-d0">
         <name>SerialInterruptHandler</name>
         <value>0x1c01</value>
         <object_component_ref idref="oc-37"/>
      </symbol>
      <symbol id="sm-d1">
         <name>SerialPrintln</name>
         <value>0x1b3d</value>
         <object_component_ref idref="oc-37"/>
      </symbol>
      <symbol id="sm-d2">
         <name>serialBufferIndex</name>
         <value>0x20000668</value>
         <object_component_ref idref="oc-110"/>
      </symbol>
      <symbol id="sm-d3">
         <name>SerialPrint</name>
         <value>0x1b1b</value>
         <object_component_ref idref="oc-37"/>
      </symbol>
      <symbol id="sm-d4">
         <name>SerialWrite</name>
         <value>0x1b09</value>
         <object_component_ref idref="oc-37"/>
      </symbol>
      <symbol id="sm-d5">
         <name>SerialPrintInt</name>
         <value>0x1b4f</value>
         <object_component_ref idref="oc-37"/>
      </symbol>
      <symbol id="sm-d6">
         <name>InitSerial</name>
         <value>0x1b8b</value>
         <object_component_ref idref="oc-37"/>
      </symbol>
      <symbol id="sm-d7">
         <name>SerialPrintlnInt</name>
         <value>0x1b6d</value>
         <object_component_ref idref="oc-37"/>
      </symbol>
      <symbol id="sm-f8">
         <name>ResetISR</name>
         <value>0x2b9f</value>
         <object_component_ref idref="oc-2b"/>
      </symbol>
      <symbol id="sm-f9">
         <name>g_pfnVectors</name>
         <value>0x0</value>
         <object_component_ref idref="oc-f"/>
      </symbol>
      <symbol id="sm-12b">
         <name>GPIOPinConfigure</name>
         <value>0x283d</value>
         <object_component_ref idref="oc-cf"/>
      </symbol>
      <symbol id="sm-12c">
         <name>GPIOPinTypeUART</name>
         <value>0x2b0d</value>
         <object_component_ref idref="oc-d5"/>
      </symbol>
      <symbol id="sm-12d">
         <name>GPIODirModeSet</name>
         <value>0x29e3</value>
         <object_component_ref idref="oc-18d"/>
      </symbol>
      <symbol id="sm-12e">
         <name>GPIOPadConfigSet</name>
         <value>0x1dcf</value>
         <object_component_ref idref="oc-193"/>
      </symbol>
      <symbol id="sm-179">
         <name>IntEnable</name>
         <value>0x2515</value>
         <object_component_ref idref="oc-e7"/>
      </symbol>
      <symbol id="sm-17a">
         <name>IntRegister</name>
         <value>0x294d</value>
         <object_component_ref idref="oc-15e"/>
      </symbol>
      <symbol id="sm-17b">
         <name>IntMasterDisable</name>
         <value>0x2b1f</value>
         <object_component_ref idref="oc-86"/>
      </symbol>
      <symbol id="sm-17c">
         <name>g_pfnRAMVectors</name>
         <value>0x20000000</value>
         <object_component_ref idref="oc-1e4"/>
      </symbol>
      <symbol id="sm-17d">
         <name>IntMasterEnable</name>
         <value>0x2b2f</value>
         <object_component_ref idref="oc-a4"/>
      </symbol>
      <symbol id="sm-1c3">
         <name>SysCtlPeripheralEnable</name>
         <value>0x2981</value>
         <object_component_ref idref="oc-c3"/>
      </symbol>
      <symbol id="sm-1c4">
         <name>SysCtlClockGet</name>
         <value>0x1f01</value>
         <object_component_ref idref="oc-db"/>
      </symbol>
      <symbol id="sm-1c5">
         <name>SysCtlPeripheralReady</name>
         <value>0x2915</value>
         <object_component_ref idref="oc-c9"/>
      </symbol>
      <symbol id="sm-1f2">
         <name>SysTickEnable</name>
         <value>0x2aa9</value>
         <object_component_ref idref="oc-9e"/>
      </symbol>
      <symbol id="sm-1f3">
         <name>SysTickIntRegister</name>
         <value>0x2a2d</value>
         <object_component_ref idref="oc-98"/>
      </symbol>
      <symbol id="sm-1f4">
         <name>SysTickPeriodSet</name>
         <value>0x2b41</value>
         <object_component_ref idref="oc-92"/>
      </symbol>
      <symbol id="sm-1f5">
         <name>SysTickDisable</name>
         <value>0x2a95</value>
         <object_component_ref idref="oc-8c"/>
      </symbol>
      <symbol id="sm-247">
         <name>UARTConfigSetExpClk</name>
         <value>0x28cd</value>
         <object_component_ref idref="oc-e1"/>
      </symbol>
      <symbol id="sm-248">
         <name>UARTDisable</name>
         <value>0x2a0d</value>
         <object_component_ref idref="oc-19e"/>
      </symbol>
      <symbol id="sm-249">
         <name>UARTIntEnable</name>
         <value>0x2bbf</value>
         <object_component_ref idref="oc-ed"/>
      </symbol>
      <symbol id="sm-24a">
         <name>UARTCharsAvail</name>
         <value>0x2b5f</value>
         <object_component_ref idref="oc-105"/>
      </symbol>
      <symbol id="sm-24b">
         <name>UARTCharGetNonBlocking</name>
         <value>0x2b51</value>
         <object_component_ref idref="oc-ff"/>
      </symbol>
      <symbol id="sm-24c">
         <name>UARTCharPut</name>
         <value>0x2bab</value>
         <object_component_ref idref="oc-b7"/>
      </symbol>
      <symbol id="sm-24d">
         <name>UARTEnable</name>
         <value>0x2abd</value>
         <object_component_ref idref="oc-1a4"/>
      </symbol>
      <symbol id="sm-24e">
         <name>UARTIntClear</name>
         <value>0x2bc7</value>
         <object_component_ref idref="oc-f9"/>
      </symbol>
      <symbol id="sm-24f">
         <name>UARTIntStatus</name>
         <value>0x2bb5</value>
         <object_component_ref idref="oc-f3"/>
      </symbol>
      <symbol id="sm-261">
         <name>CPUcpsie</name>
         <value>0x2b87</value>
         <object_component_ref idref="oc-166"/>
      </symbol>
      <symbol id="sm-262">
         <name>CPUcpsid</name>
         <value>0x2b7b</value>
         <object_component_ref idref="oc-154"/>
      </symbol>
      <symbol id="sm-273">
         <name>_c_int00</name>
         <value>0x26a9</value>
         <object_component_ref idref="oc-24"/>
      </symbol>
      <symbol id="sm-274">
         <name>__stack</name>
         <value>0x2000026c</value>
         <object_component_ref idref="oc-2a"/>
      </symbol>
      <symbol id="sm-292">
         <name>__TI_decompress_lzss</name>
         <value>0x257d</value>
         <object_component_ref idref="oc-12"/>
      </symbol>
      <symbol id="sm-2a9">
         <name>__TI_decompress_none</name>
         <value>0x2b6d</value>
         <object_component_ref idref="oc-18"/>
      </symbol>
      <symbol id="sm-2c0">
         <name>__TI_zero_init</name>
         <value>0x2b93</value>
         <object_component_ref idref="oc-1e"/>
      </symbol>
      <symbol id="sm-2e1">
         <name>C$$EXIT</name>
         <value>0x26fd</value>
         <object_component_ref idref="oc-7b"/>
      </symbol>
      <symbol id="sm-2e2">
         <name>abort</name>
         <value>0x2701</value>
         <object_component_ref idref="oc-7b"/>
      </symbol>
      <symbol id="sm-2e3">
         <name>exit</name>
         <value>0x2709</value>
         <object_component_ref idref="oc-7b"/>
      </symbol>
      <symbol id="sm-2e4">
         <name>__TI_dtors_ptr</name>
         <value>0x20000648</value>
         <object_component_ref idref="oc-149"/>
      </symbol>
      <symbol id="sm-2e5">
         <name>__TI_cleanup_ptr</name>
         <value>0x20000644</value>
         <object_component_ref idref="oc-149"/>
      </symbol>
      <symbol id="sm-2e6">
         <name>__TI_enable_exit_profile_output</name>
         <value>0x2000064c</value>
         <object_component_ref idref="oc-149"/>
      </symbol>
      <symbol id="sm-301">
         <name>memcpy</name>
         <value>0x2209</value>
         <object_component_ref idref="oc-4b"/>
      </symbol>
      <symbol id="sm-302">
         <name>__aeabi_memcpy</name>
         <value>0x2209</value>
         <object_component_ref idref="oc-4b"/>
      </symbol>
      <symbol id="sm-303">
         <name>__aeabi_memcpy8</name>
         <value>0x2209</value>
         <object_component_ref idref="oc-4b"/>
      </symbol>
      <symbol id="sm-304">
         <name>__aeabi_memcpy4</name>
         <value>0x2209</value>
         <object_component_ref idref="oc-4b"/>
      </symbol>
      <symbol id="sm-313">
         <name>__aeabi_memset</name>
         <value>0x23b3</value>
         <object_component_ref idref="oc-57"/>
      </symbol>
      <symbol id="sm-314">
         <name>memset</name>
         <value>0x23b9</value>
         <object_component_ref idref="oc-57"/>
      </symbol>
      <symbol id="sm-315">
         <name>__aeabi_memset8</name>
         <value>0x23b3</value>
         <object_component_ref idref="oc-57"/>
      </symbol>
      <symbol id="sm-316">
         <name>__aeabi_memset4</name>
         <value>0x23b3</value>
         <object_component_ref idref="oc-57"/>
      </symbol>
      <symbol id="sm-317">
         <name>__aeabi_memclr8</name>
         <value>0x23b1</value>
         <object_component_ref idref="oc-57"/>
      </symbol>
      <symbol id="sm-318">
         <name>__aeabi_memclr4</name>
         <value>0x23b1</value>
         <object_component_ref idref="oc-57"/>
      </symbol>
      <symbol id="sm-319">
         <name>__aeabi_memclr</name>
         <value>0x23b1</value>
         <object_component_ref idref="oc-57"/>
      </symbol>
      <symbol id="sm-323">
         <name>__mpu_init</name>
         <value>0x13ab</value>
         <object_component_ref idref="oc-63"/>
      </symbol>
      <symbol id="sm-32d">
         <name>_system_pre_init</name>
         <value>0x2bcb</value>
         <object_component_ref idref="oc-69"/>
      </symbol>
      <symbol id="sm-346">
         <name>sprintf</name>
         <value>0x2649</value>
         <object_component_ref idref="oc-bd"/>
      </symbol>
      <symbol id="sm-34e">
         <name>main_func_sp</name>
         <value>0x20000664</value>
         <object_component_ref idref="oc-81"/>
      </symbol>
      <symbol id="sm-367">
         <name>_nop</name>
         <value>0x2adf</value>
         <object_component_ref idref="oc-1d5"/>
      </symbol>
      <symbol id="sm-368">
         <name>_lock</name>
         <value>0x20000650</value>
         <object_component_ref idref="oc-14c"/>
      </symbol>
      <symbol id="sm-369">
         <name>_unlock</name>
         <value>0x20000654</value>
         <object_component_ref idref="oc-14c"/>
      </symbol>
      <symbol id="sm-36a">
         <name>_register_lock</name>
         <value>0x2ad7</value>
         <object_component_ref idref="oc-1d5"/>
      </symbol>
      <symbol id="sm-36b">
         <name>_register_unlock</name>
         <value>0x2ad1</value>
         <object_component_ref idref="oc-1d5"/>
      </symbol>
      <symbol id="sm-46c">
         <name>__TI_printfi</name>
         <value>0xab1</value>
         <object_component_ref idref="oc-178"/>
      </symbol>
      <symbol id="sm-480">
         <name>_args_main</name>
         <value>0x2a65</value>
         <object_component_ref idref="oc-75"/>
      </symbol>
      <symbol id="sm-496">
         <name>atoi</name>
         <value>0x27a5</value>
         <object_component_ref idref="oc-231"/>
      </symbol>
      <symbol id="sm-4c0">
         <name>__TI_auto_init</name>
         <value>0x24a5</value>
         <object_component_ref idref="oc-6f"/>
      </symbol>
      <symbol id="sm-4da">
         <name>copy_in</name>
         <value>0x27f1</value>
         <object_component_ref idref="oc-133"/>
      </symbol>
      <symbol id="sm-4e5">
         <name>_ctypes_</name>
         <value>0x2bd0</value>
         <object_component_ref idref="oc-298"/>
      </symbol>
      <symbol id="sm-4fc">
         <name>__aeabi_dsub</name>
         <value>0x1951</value>
         <object_component_ref idref="oc-21a"/>
      </symbol>
      <symbol id="sm-4fd">
         <name>__aeabi_dadd</name>
         <value>0x195b</value>
         <object_component_ref idref="oc-21a"/>
      </symbol>
      <symbol id="sm-51f">
         <name>__aeabi_cdcmpeq</name>
         <value>0x22a5</value>
         <object_component_ref idref="oc-1f6"/>
      </symbol>
      <symbol id="sm-520">
         <name>__aeabi_cdcmple</name>
         <value>0x22a5</value>
         <object_component_ref idref="oc-1f6"/>
      </symbol>
      <symbol id="sm-521">
         <name>__aeabi_cdrcmple</name>
         <value>0x232b</value>
         <object_component_ref idref="oc-205"/>
      </symbol>
      <symbol id="sm-535">
         <name>__aeabi_ddiv</name>
         <value>0x1c99</value>
         <object_component_ref idref="oc-200"/>
      </symbol>
      <symbol id="sm-540">
         <name>__aeabi_dmul</name>
         <value>0x2011</value>
         <object_component_ref idref="oc-1fb"/>
      </symbol>
      <symbol id="sm-54a">
         <name>__aeabi_d2iz</name>
         <value>0x2885</value>
         <object_component_ref idref="oc-20a"/>
      </symbol>
      <symbol id="sm-554">
         <name>__aeabi_i2d</name>
         <value>0x29b5</value>
         <object_component_ref idref="oc-215"/>
      </symbol>
      <symbol id="sm-563">
         <name>ltoa</name>
         <value>0x2751</value>
         <object_component_ref idref="oc-20f"/>
      </symbol>
      <symbol id="sm-573">
         <name>memccpy</name>
         <value>0x2a49</value>
         <object_component_ref idref="oc-237"/>
      </symbol>
      <symbol id="sm-58e">
         <name>frexpl</name>
         <value>0x25e5</value>
         <object_component_ref idref="oc-21f"/>
      </symbol>
      <symbol id="sm-58f">
         <name>frexp</name>
         <value>0x25e5</value>
         <object_component_ref idref="oc-21f"/>
      </symbol>
      <symbol id="sm-5ac">
         <name>scalbn</name>
         <value>0x210d</value>
         <object_component_ref idref="oc-225"/>
      </symbol>
      <symbol id="sm-5ad">
         <name>scalbnl</name>
         <value>0x210d</value>
         <object_component_ref idref="oc-225"/>
      </symbol>
      <symbol id="sm-5ae">
         <name>ldexpl</name>
         <value>0x210d</value>
         <object_component_ref idref="oc-225"/>
      </symbol>
      <symbol id="sm-5af">
         <name>ldexp</name>
         <value>0x210d</value>
         <object_component_ref idref="oc-225"/>
      </symbol>
      <symbol id="sm-5b9">
         <name>_system_post_cinit</name>
         <value>0x1b07</value>
         <object_component_ref idref="oc-139"/>
      </symbol>
      <symbol id="sm-5c9">
         <name>strchr</name>
         <value>0x2a7d</value>
         <object_component_ref idref="oc-22b"/>
      </symbol>
      <symbol id="sm-5d7">
         <name>strlen</name>
         <value>0x2af9</value>
         <object_component_ref idref="oc-1f0"/>
      </symbol>
      <symbol id="sm-5f3">
         <name>__aeabi_uldivmod</name>
         <value>0x175d</value>
         <object_component_ref idref="oc-1eb"/>
      </symbol>
      <symbol id="sm-5fb">
         <name>errno</name>
         <value>0x20000660</value>
         <object_component_ref idref="oc-291"/>
      </symbol>
      <symbol id="sm-605">
         <name>copysign</name>
         <value>0x2ae5</value>
         <object_component_ref idref="oc-28b"/>
      </symbol>
      <symbol id="sm-606">
         <name>copysignl</name>
         <value>0x2ae5</value>
         <object_component_ref idref="oc-28b"/>
      </symbol>
      <symbol id="sm-607">
         <name>__TI_static_base__</name>
         <value>0x0</value>
      </symbol>
      <symbol id="sm-60a">
         <name>SHT$$INIT_ARRAY$$Limit</name>
         <value>0x0</value>
      </symbol>
      <symbol id="sm-60b">
         <name>SHT$$INIT_ARRAY$$Base</name>
         <value>0x0</value>
      </symbol>
   </symbol_table>
   <title>Link successful</title>
</link_info>
